<html>
<body>
<pre>
<h1>µVision Build Log</h1>
<h2>Tool Versions:</h2>
IDE-Version: µVision V5.34.0.0
Copyright (C) 2021 ARM Ltd and ARM Germany GmbH. All rights reserved.
License Information: la azd, wdw, LIC=X96CK-ZJXGI-632MB-2W22V-FJ8C2-M96LN
 
Tool Versions:
Toolchain:       MDK-ARM Plus  Version: 5.34.0.0
Toolchain Path:  C:\Keil_v5\ARM\ARMCC\Bin
C Compiler:      Armcc.exe V5.06 update 7 (build 960)
Assembler:       Armasm.exe V5.06 update 7 (build 960)
Linker/Locator:  ArmLink.exe V5.06 update 7 (build 960)
Library Manager: ArmAr.exe V5.06 update 7 (build 960)
Hex Converter:   FromElf.exe V5.06 update 7 (build 960)
CPU DLL:         SARMCM3.DLL V5.34.0.0
Dialog DLL:      DCM.DLL V1.17.3.0
Target DLL:      STLink\ST-LINKIII-KEIL_SWO.dll V3.0.8.0
Dialog DLL:      TCM.DLL V1.48.0.0
 
<h2>Project:</h2>
D:\XXX Github\Firmware\Audiobox_2024\MDK-ARM\Project.uvprojx
Project File Date:  09/09/2025

<h2>Output:</h2>
*** Using Compiler 'V5.06 update 7 (build 960)', folder: 'C:\Keil_v5\ARM\ARMCC\Bin'
Rebuild target 'STM32F4-DISCO'
assembling startup_stm32f407xx.s...
compiling stm32f4_discovery_audio.c...
compiling stm32f4xx_hal_rng.c...
compiling stm32f4xx_hal_uart.c...
compiling stm32f4xx_hal_cortex.c...
compiling stm32f4_discovery.c...
compiling stm32f4xx_ll_fmc.c...
compiling stm32f4xx_ll_sdmmc.c...
compiling stm32f4xx_hal_pcd_ex.c...
compiling stm32f4xx_hal_flash_ex.c...
compiling stm32f4xx_hal_rtc.c...
compiling stm32f4xx_hal_flash.c...
compiling stm32f4xx_hal_pwr.c...
compiling stm32f4xx_ll_usb.c...
compiling system_stm32f4xx.c...
compiling stm32f4xx_hal.c...
compiling stm32f4xx_hal_pwr_ex.c...
compiling stm32f4xx_hal_i2s_ex.c...
compiling stm32f4xx_hal_gpio.c...
compiling stm32f4xx_hal_i2c_ex.c...
compiling stm32f4_discovery_sd.c...
compiling stm32f4xx_hal_sd.c...
compiling stm32f4xx_hal_hcd.c...
compiling stm32f4xx_hal_rcc.c...
compiling stm32f4xx_hal_pcd.c...
compiling stm32f4xx_hal_tim.c...
compiling stm32f4xx_hal_tim_ex.c...
compiling stm32f4xx_hal_dma.c...
compiling stm32f4xx_hal_i2s.c...
compiling stm32f4xx_hal_rcc_ex.c...
compiling diskio.c...
compiling ff_gen_drv.c...
compiling syscall.c...
compiling stm32f4xx_hal_spi.c...
compiling unicode.c...
compiling stm32f4xx_hal_i2c.c...
compiling ff.c...
compiling stm32f4xx_ll_gpio.c...
compiling sd_diskio.c...
compiling usbh_msc_scsi.c...
compiling System1.c...
compiling System1Data.c...
compiling System1SEMLibB.c...
compiling simpleEventHandler.c...
compiling sht3x.c...
compiling usbh_core.c...
compiling usbh_diskio_dma.c...
compiling GlobalPositioning.c...
compiling usbh_msc.c...
compiling usbh_msc_bot.c...
compiling stm32f4xx_ll_rcc.c...
compiling usbh_ctlreq.c...
compiling usbh_ioreq.c...
compiling stm32f4xx_ll_tim.c...
compiling USBHostMain.c...
compiling stm32f4xx_ll_dma.c...
compiling usbh_conf.c...
compiling usbh_pipes.c...
compiling Wireless.c...
compiling ADC.c...
compiling font24.c...
compiling stm32f4xx_it.c...
compiling VisualStateMachine.c...
compiling flash_if.c...
compiling waveplayer.c...
compiling TimeCode.c...
compiling Buttons.c...
compiling stm32f4xx_ll_usart.c...
compiling Display.c...
compiling SystemTimer.c...
compiling Device.c...
compiling main.c...
compiling retarget_io.c...
compiling uart.c...
compiling 2Wires 15x24.c...
compiling Font 12x16.c...
compiling Time code  18x24 32b.c...
compiling tm_stm32f4_fonts.c...
compiling Wireless 22x24.c...
compiling AudioPlayer 16x24 32b.c...
compiling Menlo 32h.c...
compiling Module Stat 11x24 32b.c...
compiling Channel status 15x24 32b  OK.c...
compiling Font Small 10x20.c...
compiling Icon GPS Err.c...
compiling ILI9341_STM32_Driver.c...
compiling Main 19x48 OK.c...
compiling usbd_conf.c...
compiling Arial 14.c...
compiling FONT 15X16.c...
compiling Batter 14x24 OK.c...
compiling WE 20 x 23.c...
compiling Time Hum Temp Font.c...
compiling ili9488.c...
compiling usbd_ioreq.c...
compiling usbd_core.c...
compiling usbd_desc.c...
compiling usbd_cdc_if.c...
compiling usbd_ctlreq.c...
compiling ILI9341_GFX.c...
compiling usbd_cdc.c...
compiling usb_device.c...
compiling lcd_io_spi.c...
linking...
Program Size: Code=159658 RO-data=5642 RW-data=2120 ZI-data=215444  
FromELF: creating hex file...
After Build - User command #1: C:\Keil_V5\ARM\ARMCC\bin\fromelf.exe --bin --output=..\objects\audiob.003 ..\objects\WP0001.axf
"..\Objects\WP0001.axf" - 0 Error(s), 0 Warning(s).

<h2>Software Packages used:</h2>

Package Vendor: ARM
                http://www.keil.com/pack/ARM.CMSIS.5.7.0.pack
                ARM.CMSIS.5.7.0
                CMSIS (Cortex Microcontroller Software Interface Standard)
   * Component: CORE Version: 5.4.0

Package Vendor: Keil
                http://www.keil.com/pack/Keil.ARM_Compiler.1.6.3.pack
                Keil.ARM_Compiler.1.6.3
                Keil ARM Compiler extensions for ARM Compiler 5 and ARM Compiler 6
   * Component: STDERR Variant: ITM Version: 1.2.0

Package Vendor: Keil
                https://www.keil.com/pack/Keil.STM32F4xx_DFP.2.17.1.pack
                Keil.STM32F4xx_DFP.2.17.1
                STMicroelectronics STM32F4 Series Device Support, Drivers and Examples

<h2>Collection of Component include folders:</h2>
  .\RTE\_STM32F4-DISCO
  C:\Keil_v5\ARM\PACK\ARM\CMSIS\5.7.0\CMSIS\Core\Include
  C:\Keil_v5\ARM\PACK\Keil\STM32F4xx_DFP\2.17.1\Drivers\CMSIS\Device\ST\STM32F4xx\Include

<h2>Collection of Component Files used:</h2>

   * Component: ARM::CMSIS:CORE:5.4.0

   * Component: Keil.ARM Compiler::Compiler:I/O:STDERR:ITM:1.2.0
      Source file:   Source\retarget_io.c
Build Time Elapsed:  00:00:13
</pre>
</body>
</html>
