<!doctype html public "-//w3c//dtd html 4.0 transitional//en">
<html><head>
<title>Static Call Graph - [..\Objects\WP0001.axf]</title></head>
<body><HR>
<H1>Static Call Graph for image ..\Objects\WP0001.axf</H1><HR>
<BR><P>#&#060CALLGRAPH&#062# ARM Linker, 5060960: Last Updated: Sun Feb 25 01:22:04 2024
<BR><P>
<H3>Maximum Stack Usage =       1816 bytes + Unknown(Cycles, Untraceable Function Pointers)</H3><H3>
Call chain for Maximum Stack Depth:</H3>
main &rArr; updateTimers &rArr; check_player_stat &rArr; f_open &rArr; dir_register &rArr; dir_find &rArr; dir_read &rArr; load_xdir &rArr; dir_next &rArr; create_chain &rArr; fill_last_frag &rArr; put_fat &rArr; move_window &rArr; sync_window &rArr; disk_write
<P>
<H3>
Mutually Recursive functions
</H3> <LI><a href="#[22]">ADC_IRQHandler</a>&nbsp;&nbsp;&nbsp;&rArr;&nbsp;&nbsp;&nbsp;<a href="#[22]">ADC_IRQHandler</a><BR>
</UL>
<P>
<H3>
Function Pointers
</H3><UL>
 <LI><a href="#[22]">ADC_IRQHandler</a> from startup_stm32f407xx.o(.text) referenced from startup_stm32f407xx.o(RESET)
 <LI><a href="#[85]">Audio_Pause</a> from device.o(i.Audio_Pause) referenced from system1data.o(.constdata)
 <LI><a href="#[86]">Audio_Play_Pause_Idle</a> from device.o(i.Audio_Play_Pause_Idle) referenced from system1data.o(.constdata)
 <LI><a href="#[87]">Audio_Play_Resume</a> from device.o(i.Audio_Play_Resume) referenced from system1data.o(.constdata)
 <LI><a href="#[88]">Audio_Stop</a> from device.o(i.Audio_Stop) referenced from system1data.o(.constdata)
 <LI><a href="#[a]">BusFault_Handler</a> from stm32f4xx_it.o(i.BusFault_Handler) referenced from startup_stm32f407xx.o(RESET)
 <LI><a href="#[24]">CAN1_RX0_IRQHandler</a> from startup_stm32f407xx.o(.text) referenced from startup_stm32f407xx.o(RESET)
 <LI><a href="#[25]">CAN1_RX1_IRQHandler</a> from startup_stm32f407xx.o(.text) referenced from startup_stm32f407xx.o(RESET)
 <LI><a href="#[26]">CAN1_SCE_IRQHandler</a> from startup_stm32f407xx.o(.text) referenced from startup_stm32f407xx.o(RESET)
 <LI><a href="#[23]">CAN1_TX_IRQHandler</a> from startup_stm32f407xx.o(.text) referenced from startup_stm32f407xx.o(RESET)
 <LI><a href="#[50]">CAN2_RX0_IRQHandler</a> from startup_stm32f407xx.o(.text) referenced from startup_stm32f407xx.o(RESET)
 <LI><a href="#[51]">CAN2_RX1_IRQHandler</a> from startup_stm32f407xx.o(.text) referenced from startup_stm32f407xx.o(RESET)
 <LI><a href="#[52]">CAN2_SCE_IRQHandler</a> from startup_stm32f407xx.o(.text) referenced from startup_stm32f407xx.o(RESET)
 <LI><a href="#[4f]">CAN2_TX_IRQHandler</a> from startup_stm32f407xx.o(.text) referenced from startup_stm32f407xx.o(RESET)
 <LI><a href="#[5e]">DCMI_IRQHandler</a> from startup_stm32f407xx.o(.text) referenced from startup_stm32f407xx.o(RESET)
 <LI><a href="#[89]">DELAY_STAT_MSG</a> from systemtimer.o(i.DELAY_STAT_MSG) referenced from system1data.o(.constdata)
 <LI><a href="#[8a]">DISABLE_PWR_BUTTON</a> from systemtimer.o(i.DISABLE_PWR_BUTTON) referenced from system1data.o(.constdata)
 <LI><a href="#[1b]">DMA1_Stream0_IRQHandler</a> from uart.o(i.DMA1_Stream0_IRQHandler) referenced from startup_stm32f407xx.o(RESET)
 <LI><a href="#[1c]">DMA1_Stream1_IRQHandler</a> from startup_stm32f407xx.o(.text) referenced from startup_stm32f407xx.o(RESET)
 <LI><a href="#[1d]">DMA1_Stream2_IRQHandler</a> from startup_stm32f407xx.o(.text) referenced from startup_stm32f407xx.o(RESET)
 <LI><a href="#[1e]">DMA1_Stream3_IRQHandler</a> from startup_stm32f407xx.o(.text) referenced from startup_stm32f407xx.o(RESET)
 <LI><a href="#[1f]">DMA1_Stream4_IRQHandler</a> from startup_stm32f407xx.o(.text) referenced from startup_stm32f407xx.o(RESET)
 <LI><a href="#[20]">DMA1_Stream5_IRQHandler</a> from startup_stm32f407xx.o(.text) referenced from startup_stm32f407xx.o(RESET)
 <LI><a href="#[21]">DMA1_Stream6_IRQHandler</a> from startup_stm32f407xx.o(.text) referenced from startup_stm32f407xx.o(RESET)
 <LI><a href="#[3f]">DMA1_Stream7_IRQHandler</a> from stm32f4xx_it.o(i.DMA1_Stream7_IRQHandler) referenced from startup_stm32f407xx.o(RESET)
 <LI><a href="#[48]">DMA2_Stream0_IRQHandler</a> from startup_stm32f407xx.o(.text) referenced from startup_stm32f407xx.o(RESET)
 <LI><a href="#[49]">DMA2_Stream1_IRQHandler</a> from startup_stm32f407xx.o(.text) referenced from startup_stm32f407xx.o(RESET)
 <LI><a href="#[4a]">DMA2_Stream2_IRQHandler</a> from startup_stm32f407xx.o(.text) referenced from startup_stm32f407xx.o(RESET)
 <LI><a href="#[4b]">DMA2_Stream3_IRQHandler</a> from stm32f4xx_it.o(i.DMA2_Stream3_IRQHandler) referenced from startup_stm32f407xx.o(RESET)
 <LI><a href="#[4c]">DMA2_Stream4_IRQHandler</a> from startup_stm32f407xx.o(.text) referenced from startup_stm32f407xx.o(RESET)
 <LI><a href="#[54]">DMA2_Stream5_IRQHandler</a> from main.o(i.DMA2_Stream5_IRQHandler) referenced from startup_stm32f407xx.o(RESET)
 <LI><a href="#[55]">DMA2_Stream6_IRQHandler</a> from stm32f4xx_it.o(i.DMA2_Stream6_IRQHandler) referenced from startup_stm32f407xx.o(RESET)
 <LI><a href="#[56]">DMA2_Stream7_IRQHandler</a> from startup_stm32f407xx.o(.text) referenced from startup_stm32f407xx.o(RESET)
 <LI><a href="#[d]">DebugMon_Handler</a> from stm32f4xx_it.o(i.DebugMon_Handler) referenced from startup_stm32f407xx.o(RESET)
 <LI><a href="#[8b]">Dev_Valid_Timer_Rst</a> from systemtimer.o(i.Dev_Valid_Timer_Rst) referenced from system1data.o(.constdata)
 <LI><a href="#[8c]">Dev_Valid_Timer_Set</a> from systemtimer.o(i.Dev_Valid_Timer_Set) referenced from system1data.o(.constdata)
 <LI><a href="#[8d]">ENABLE_PWR_BUTTON</a> from systemtimer.o(i.ENABLE_PWR_BUTTON) referenced from system1data.o(.constdata)
 <LI><a href="#[4d]">ETH_IRQHandler</a> from startup_stm32f407xx.o(.text) referenced from startup_stm32f407xx.o(RESET)
 <LI><a href="#[4e]">ETH_WKUP_IRQHandler</a> from startup_stm32f407xx.o(.text) referenced from startup_stm32f407xx.o(RESET)
 <LI><a href="#[16]">EXTI0_IRQHandler</a> from stm32f4xx_it.o(i.EXTI0_IRQHandler) referenced from startup_stm32f407xx.o(RESET)
 <LI><a href="#[38]">EXTI15_10_IRQHandler</a> from stm32f4xx_it.o(i.EXTI15_10_IRQHandler) referenced from startup_stm32f407xx.o(RESET)
 <LI><a href="#[17]">EXTI1_IRQHandler</a> from stm32f4xx_it.o(i.EXTI1_IRQHandler) referenced from startup_stm32f407xx.o(RESET)
 <LI><a href="#[18]">EXTI2_IRQHandler</a> from startup_stm32f407xx.o(.text) referenced from startup_stm32f407xx.o(RESET)
 <LI><a href="#[19]">EXTI3_IRQHandler</a> from startup_stm32f407xx.o(.text) referenced from startup_stm32f407xx.o(RESET)
 <LI><a href="#[1a]">EXTI4_IRQHandler</a> from startup_stm32f407xx.o(.text) referenced from startup_stm32f407xx.o(RESET)
 <LI><a href="#[27]">EXTI9_5_IRQHandler</a> from stm32f4xx_it.o(i.EXTI9_5_IRQHandler) referenced from startup_stm32f407xx.o(RESET)
 <LI><a href="#[14]">FLASH_IRQHandler</a> from startup_stm32f407xx.o(.text) referenced from startup_stm32f407xx.o(RESET)
 <LI><a href="#[40]">FMC_IRQHandler</a> from startup_stm32f407xx.o(.text) referenced from startup_stm32f407xx.o(RESET)
 <LI><a href="#[60]">FPU_IRQHandler</a> from startup_stm32f407xx.o(.text) referenced from startup_stm32f407xx.o(RESET)
 <LI><a href="#[6a]">HAL_I2SEx_FullDuplex_IRQHandler</a> from stm32f4xx_hal_i2s_ex.o(i.HAL_I2SEx_FullDuplex_IRQHandler) referenced from stm32f4xx_hal_i2s.o(i.HAL_I2S_Init)
 <LI><a href="#[5f]">HASH_RNG_IRQHandler</a> from main.o(i.HASH_RNG_IRQHandler) referenced from startup_stm32f407xx.o(RESET)
 <LI><a href="#[8]">HardFault_Handler</a> from stm32f4xx_it.o(i.HardFault_Handler) referenced from startup_stm32f407xx.o(RESET)
 <LI><a href="#[30]">I2C1_ER_IRQHandler</a> from startup_stm32f407xx.o(.text) referenced from startup_stm32f407xx.o(RESET)
 <LI><a href="#[2f]">I2C1_EV_IRQHandler</a> from sht3x.o(i.I2C1_EV_IRQHandler) referenced from startup_stm32f407xx.o(RESET)
 <LI><a href="#[32]">I2C2_ER_IRQHandler</a> from startup_stm32f407xx.o(.text) referenced from startup_stm32f407xx.o(RESET)
 <LI><a href="#[31]">I2C2_EV_IRQHandler</a> from startup_stm32f407xx.o(.text) referenced from startup_stm32f407xx.o(RESET)
 <LI><a href="#[59]">I2C3_ER_IRQHandler</a> from startup_stm32f407xx.o(.text) referenced from startup_stm32f407xx.o(RESET)
 <LI><a href="#[58]">I2C3_EV_IRQHandler</a> from startup_stm32f407xx.o(.text) referenced from startup_stm32f407xx.o(RESET)
 <LI><a href="#[77]">I2C_DMAAbort</a> from stm32f4xx_hal_i2c.o(i.I2C_DMAAbort) referenced from stm32f4xx_hal_i2c.o(i.I2C_ITError)
 <LI><a href="#[77]">I2C_DMAAbort</a> from stm32f4xx_hal_i2c.o(i.I2C_DMAAbort) referenced from stm32f4xx_hal_i2c.o(i.I2C_Slave_STOPF)
 <LI><a href="#[6d]">I2S_DMAError</a> from stm32f4xx_hal_i2s.o(i.I2S_DMAError) referenced from stm32f4xx_hal_i2s.o(i.HAL_I2S_Transmit_DMA)
 <LI><a href="#[6c]">I2S_DMATxCplt</a> from stm32f4xx_hal_i2s.o(i.I2S_DMATxCplt) referenced from stm32f4xx_hal_i2s.o(i.HAL_I2S_Transmit_DMA)
 <LI><a href="#[6b]">I2S_DMATxHalfCplt</a> from stm32f4xx_hal_i2s.o(i.I2S_DMATxHalfCplt) referenced from stm32f4xx_hal_i2s.o(i.HAL_I2S_Transmit_DMA)
 <LI><a href="#[69]">I2S_IRQHandler</a> from stm32f4xx_hal_i2s.o(i.I2S_IRQHandler) referenced from stm32f4xx_hal_i2s.o(i.HAL_I2S_Init)
 <LI><a href="#[9]">MemManage_Handler</a> from stm32f4xx_it.o(i.MemManage_Handler) referenced from startup_stm32f407xx.o(RESET)
 <LI><a href="#[7]">NMI_Handler</a> from stm32f4xx_it.o(i.NMI_Handler) referenced from startup_stm32f407xx.o(RESET)
 <LI><a href="#[53]">OTG_FS_IRQHandler</a> from stm32f4xx_it.o(i.OTG_FS_IRQHandler) referenced from startup_stm32f407xx.o(RESET)
 <LI><a href="#[3a]">OTG_FS_WKUP_IRQHandler</a> from startup_stm32f407xx.o(.text) referenced from startup_stm32f407xx.o(RESET)
 <LI><a href="#[5b]">OTG_HS_EP1_IN_IRQHandler</a> from startup_stm32f407xx.o(.text) referenced from startup_stm32f407xx.o(RESET)
 <LI><a href="#[5a]">OTG_HS_EP1_OUT_IRQHandler</a> from startup_stm32f407xx.o(.text) referenced from startup_stm32f407xx.o(RESET)
 <LI><a href="#[5d]">OTG_HS_IRQHandler</a> from startup_stm32f407xx.o(.text) referenced from startup_stm32f407xx.o(RESET)
 <LI><a href="#[5c]">OTG_HS_WKUP_IRQHandler</a> from startup_stm32f407xx.o(.text) referenced from startup_stm32f407xx.o(RESET)
 <LI><a href="#[11]">PVD_IRQHandler</a> from startup_stm32f407xx.o(.text) referenced from startup_stm32f407xx.o(RESET)
 <LI><a href="#[e]">PendSV_Handler</a> from stm32f4xx_it.o(i.PendSV_Handler) referenced from startup_stm32f407xx.o(RESET)
 <LI><a href="#[15]">RCC_IRQHandler</a> from startup_stm32f407xx.o(.text) referenced from startup_stm32f407xx.o(RESET)
 <LI><a href="#[8e]">RST_DEV_Time</a> from systemtimer.o(i.RST_DEV_Time) referenced from system1data.o(.constdata)
 <LI><a href="#[39]">RTC_Alarm_IRQHandler</a> from startup_stm32f407xx.o(.text) referenced from startup_stm32f407xx.o(RESET)
 <LI><a href="#[13]">RTC_WKUP_IRQHandler</a> from startup_stm32f407xx.o(.text) referenced from startup_stm32f407xx.o(RESET)
 <LI><a href="#[6]">Reset_Handler</a> from startup_stm32f407xx.o(.text) referenced from startup_stm32f407xx.o(RESET)
 <LI><a href="#[41]">SDIO_IRQHandler</a> from stm32f4xx_it.o(i.SDIO_IRQHandler) referenced from startup_stm32f407xx.o(RESET)
 <LI><a href="#[71]">SD_DMAError</a> from stm32f4xx_hal_sd.o(i.SD_DMAError) referenced from stm32f4xx_hal_sd.o(i.HAL_SD_ReadBlocks_DMA)
 <LI><a href="#[71]">SD_DMAError</a> from stm32f4xx_hal_sd.o(i.SD_DMAError) referenced from stm32f4xx_hal_sd.o(i.HAL_SD_WriteBlocks_DMA)
 <LI><a href="#[70]">SD_DMAReceiveCplt</a> from stm32f4xx_hal_sd.o(i.SD_DMAReceiveCplt) referenced from stm32f4xx_hal_sd.o(i.HAL_SD_ReadBlocks_DMA)
 <LI><a href="#[6f]">SD_DMARxAbort</a> from stm32f4xx_hal_sd.o(i.SD_DMARxAbort) referenced from stm32f4xx_hal_sd.o(i.HAL_SD_IRQHandler)
 <LI><a href="#[72]">SD_DMATransmitCplt</a> from stm32f4xx_hal_sd.o(i.SD_DMATransmitCplt) referenced from stm32f4xx_hal_sd.o(i.HAL_SD_WriteBlocks_DMA)
 <LI><a href="#[6e]">SD_DMATxAbort</a> from stm32f4xx_hal_sd.o(i.SD_DMATxAbort) referenced from stm32f4xx_hal_sd.o(i.HAL_SD_IRQHandler)
 <LI><a href="#[80]">SD_initialize</a> from sd_diskio.o(i.SD_initialize) referenced from sd_diskio.o(.constdata)
 <LI><a href="#[84]">SD_ioctl</a> from sd_diskio.o(i.SD_ioctl) referenced from sd_diskio.o(.constdata)
 <LI><a href="#[82]">SD_read</a> from sd_diskio.o(i.SD_read) referenced from sd_diskio.o(.constdata)
 <LI><a href="#[81]">SD_status</a> from sd_diskio.o(i.SD_status) referenced from sd_diskio.o(.constdata)
 <LI><a href="#[83]">SD_write</a> from sd_diskio.o(i.SD_write) referenced from sd_diskio.o(.constdata)
 <LI><a href="#[33]">SPI1_IRQHandler</a> from main.o(i.SPI1_IRQHandler) referenced from startup_stm32f407xx.o(RESET)
 <LI><a href="#[34]">SPI2_IRQHandler</a> from main.o(i.SPI2_IRQHandler) referenced from startup_stm32f407xx.o(RESET)
 <LI><a href="#[43]">SPI3_IRQHandler</a> from startup_stm32f407xx.o(.text) referenced from startup_stm32f407xx.o(RESET)
 <LI><a href="#[73]">SPI_DMAAbortOnError</a> from stm32f4xx_hal_spi.o(i.SPI_DMAAbortOnError) referenced from stm32f4xx_hal_spi.o(i.HAL_SPI_IRQHandler)
 <LI><a href="#[74]">SPI_TxISR_16BIT</a> from stm32f4xx_hal_spi.o(i.SPI_TxISR_16BIT) referenced from stm32f4xx_hal_spi.o(i.HAL_SPI_Transmit_IT)
 <LI><a href="#[75]">SPI_TxISR_8BIT</a> from stm32f4xx_hal_spi.o(i.SPI_TxISR_8BIT) referenced from stm32f4xx_hal_spi.o(i.HAL_SPI_Transmit_IT)
 <LI><a href="#[c]">SVC_Handler</a> from stm32f4xx_it.o(i.SVC_Handler) referenced from startup_stm32f407xx.o(RESET)
 <LI><a href="#[f]">SysTick_Handler</a> from stm32f4xx_it.o(i.SysTick_Handler) referenced from startup_stm32f407xx.o(RESET)
 <LI><a href="#[9b]">System1VSAction_28</a> from system1data.o(i.System1VSAction_28) referenced from system1data.o(.constdata)
 <LI><a href="#[9c]">System1VSAction_29</a> from system1data.o(i.System1VSAction_29) referenced from system1data.o(.constdata)
 <LI><a href="#[9d]">System1VSAction_30</a> from system1data.o(i.System1VSAction_30) referenced from system1data.o(.constdata)
 <LI><a href="#[9e]">System1VSAction_31</a> from system1data.o(i.System1VSAction_31) referenced from system1data.o(.constdata)
 <LI><a href="#[9f]">System1VSAction_32</a> from system1data.o(i.System1VSAction_32) referenced from system1data.o(.constdata)
 <LI><a href="#[a0]">System1VSAction_33</a> from system1data.o(i.System1VSAction_33) referenced from system1data.o(.constdata)
 <LI><a href="#[63]">SystemInit</a> from system_stm32f4xx.o(i.SystemInit) referenced from startup_stm32f407xx.o(.text)
 <LI><a href="#[12]">TAMP_STAMP_IRQHandler</a> from startup_stm32f407xx.o(.text) referenced from startup_stm32f407xx.o(RESET)
 <LI><a href="#[28]">TIM1_BRK_TIM9_IRQHandler</a> from main.o(i.TIM1_BRK_TIM9_IRQHandler) referenced from startup_stm32f407xx.o(RESET)
 <LI><a href="#[2b]">TIM1_CC_IRQHandler</a> from main.o(i.TIM1_CC_IRQHandler) referenced from startup_stm32f407xx.o(RESET)
 <LI><a href="#[2a]">TIM1_TRG_COM_TIM11_IRQHandler</a> from startup_stm32f407xx.o(.text) referenced from startup_stm32f407xx.o(RESET)
 <LI><a href="#[29]">TIM1_UP_TIM10_IRQHandler</a> from startup_stm32f407xx.o(.text) referenced from startup_stm32f407xx.o(RESET)
 <LI><a href="#[2c]">TIM2_IRQHandler</a> from startup_stm32f407xx.o(.text) referenced from startup_stm32f407xx.o(RESET)
 <LI><a href="#[2d]">TIM3_IRQHandler</a> from startup_stm32f407xx.o(.text) referenced from startup_stm32f407xx.o(RESET)
 <LI><a href="#[2e]">TIM4_IRQHandler</a> from stm32f4xx_it.o(i.TIM4_IRQHandler) referenced from startup_stm32f407xx.o(RESET)
 <LI><a href="#[42]">TIM5_IRQHandler</a> from startup_stm32f407xx.o(.text) referenced from startup_stm32f407xx.o(RESET)
 <LI><a href="#[46]">TIM6_DAC_IRQHandler</a> from uart.o(i.TIM6_DAC_IRQHandler) referenced from startup_stm32f407xx.o(RESET)
 <LI><a href="#[47]">TIM7_IRQHandler</a> from systemtimer.o(i.TIM7_IRQHandler) referenced from startup_stm32f407xx.o(RESET)
 <LI><a href="#[3b]">TIM8_BRK_TIM12_IRQHandler</a> from startup_stm32f407xx.o(.text) referenced from startup_stm32f407xx.o(RESET)
 <LI><a href="#[3e]">TIM8_CC_IRQHandler</a> from startup_stm32f407xx.o(.text) referenced from startup_stm32f407xx.o(RESET)
 <LI><a href="#[3d]">TIM8_TRG_COM_TIM14_IRQHandler</a> from startup_stm32f407xx.o(.text) referenced from startup_stm32f407xx.o(RESET)
 <LI><a href="#[3c]">TIM8_UP_TIM13_IRQHandler</a> from startup_stm32f407xx.o(.text) referenced from startup_stm32f407xx.o(RESET)
 <LI><a href="#[8f]">TimeCode_Gen_start</a> from device.o(i.TimeCode_Gen_start) referenced from system1data.o(.constdata)
 <LI><a href="#[90]">TimeCode_Gen_stop</a> from device.o(i.TimeCode_Gen_stop) referenced from system1data.o(.constdata)
 <LI><a href="#[44]">UART4_IRQHandler</a> from stm32f4xx_it.o(i.UART4_IRQHandler) referenced from startup_stm32f407xx.o(RESET)
 <LI><a href="#[45]">UART5_IRQHandler</a> from startup_stm32f407xx.o(.text) referenced from startup_stm32f407xx.o(RESET)
 <LI><a href="#[61]">UART7_IRQHandler</a> from stm32f4xx_it.o(i.UART7_IRQHandler) referenced from startup_stm32f407xx.o(RESET)
 <LI><a href="#[76]">UART_DMAAbortOnError</a> from stm32f4xx_hal_uart.o(i.UART_DMAAbortOnError) referenced from stm32f4xx_hal_uart.o(i.HAL_UART_IRQHandler)
 <LI><a href="#[35]">USART1_IRQHandler</a> from stm32f4xx_it.o(i.USART1_IRQHandler) referenced from startup_stm32f407xx.o(RESET)
 <LI><a href="#[36]">USART2_IRQHandler</a> from startup_stm32f407xx.o(.text) referenced from startup_stm32f407xx.o(RESET)
 <LI><a href="#[37]">USART3_IRQHandler</a> from stm32f4xx_it.o(i.USART3_IRQHandler) referenced from startup_stm32f407xx.o(RESET)
 <LI><a href="#[57]">USART6_IRQHandler</a> from stm32f4xx_it.o(i.USART6_IRQHandler) referenced from startup_stm32f407xx.o(RESET)
 <LI><a href="#[3]">USBH_MSC_ClassRequest</a> from usbh_msc.o(i.USBH_MSC_ClassRequest) referenced 2 times from usbh_msc.o(.data)
 <LI><a href="#[2]">USBH_MSC_InterfaceDeInit</a> from usbh_msc.o(i.USBH_MSC_InterfaceDeInit) referenced 2 times from usbh_msc.o(.data)
 <LI><a href="#[1]">USBH_MSC_InterfaceInit</a> from usbh_msc.o(i.USBH_MSC_InterfaceInit) referenced 2 times from usbh_msc.o(.data)
 <LI><a href="#[4]">USBH_MSC_Process</a> from usbh_msc.o(i.USBH_MSC_Process) referenced 2 times from usbh_msc.o(.data)
 <LI><a href="#[5]">USBH_MSC_SOFProcess</a> from usbh_msc.o(i.USBH_MSC_SOFProcess) referenced 2 times from usbh_msc.o(.data)
 <LI><a href="#[78]">USBH_UserProcess</a> from main.o(i.USBH_UserProcess) referenced from main.o(i.Init_USB_Drive)
 <LI><a href="#[7b]">USBH_initialize</a> from usbh_diskio_dma.o(i.USBH_initialize) referenced from usbh_diskio_dma.o(.constdata)
 <LI><a href="#[7f]">USBH_ioctl</a> from usbh_diskio_dma.o(i.USBH_ioctl) referenced from usbh_diskio_dma.o(.constdata)
 <LI><a href="#[7d]">USBH_read</a> from usbh_diskio_dma.o(i.USBH_read) referenced from usbh_diskio_dma.o(.constdata)
 <LI><a href="#[7c]">USBH_status</a> from usbh_diskio_dma.o(i.USBH_status) referenced from usbh_diskio_dma.o(.constdata)
 <LI><a href="#[7e]">USBH_write</a> from usbh_diskio_dma.o(i.USBH_write) referenced from usbh_diskio_dma.o(.constdata)
 <LI><a href="#[b]">UsageFault_Handler</a> from stm32f4xx_it.o(i.UsageFault_Handler) referenced from startup_stm32f407xx.o(RESET)
 <LI><a href="#[91]">Vol_Down</a> from device.o(i.Vol_Down) referenced from system1data.o(.constdata)
 <LI><a href="#[92]">Vol_Up</a> from device.o(i.Vol_Up) referenced from system1data.o(.constdata)
 <LI><a href="#[10]">WWDG_IRQHandler</a> from startup_stm32f407xx.o(.text) referenced from startup_stm32f407xx.o(RESET)
 <LI><a href="#[64]">__main</a> from entry.o(.ARM.Collect$$$$00000000) referenced from startup_stm32f407xx.o(.text)
 <LI><a href="#[66]">_sbackspace</a> from _sgetc.o(.text) referenced from __0sscanf.o(.text)
 <LI><a href="#[67]">_scanf_char_input</a> from scanf_char.o(.text) referenced from scanf_char.o(.text)
 <LI><a href="#[65]">_sgetc</a> from _sgetc.o(.text) referenced from __0sscanf.o(.text)
 <LI><a href="#[7a]">_sputc</a> from printfa.o(i._sputc) referenced from printfa.o(i.__0sprintf)
 <LI><a href="#[93]">clearPWEN</a> from device.o(i.clearPWEN) referenced from system1data.o(.constdata)
 <LI><a href="#[79]">fputc</a> from retarget_io.o(i.fputc) referenced from printfa.o(i.__0printf)
 <LI><a href="#[68]">isspace</a> from isspace_o.o(.text) referenced from scanf_char.o(.text)
 <LI><a href="#[62]">main</a> from main.o(i.main) referenced from entry9a.o(.ARM.Collect$$$$0000000B)
 <LI><a href="#[94]">sendMSPause</a> from device.o(i.sendMSPause) referenced from system1data.o(.constdata)
 <LI><a href="#[95]">sendMSPowerDisable</a> from device.o(i.sendMSPowerDisable) referenced from system1data.o(.constdata)
 <LI><a href="#[96]">sendMSPowerEnable</a> from device.o(i.sendMSPowerEnable) referenced from system1data.o(.constdata)
 <LI><a href="#[97]">sendMSStart</a> from device.o(i.sendMSStart) referenced from system1data.o(.constdata)
 <LI><a href="#[98]">sendMSStop</a> from device.o(i.sendMSStop) referenced from system1data.o(.constdata)
 <LI><a href="#[99]">sendSMStatusInterface</a> from device.o(i.sendSMStatusInterface) referenced from system1data.o(.constdata)
 <LI><a href="#[9a]">setPWEN</a> from device.o(i.setPWEN) referenced from system1data.o(.constdata)
</UL>
<P>
<H3>
Global Symbols
</H3>
<P><STRONG><a name="[64]"></a>__main</STRONG> (Thumb, 0 bytes, Stack size unknown bytes, entry.o(.ARM.Collect$$$$00000000))
<BR>[Address Reference Count : 1]<UL><LI> startup_stm32f407xx.o(.text)
</UL>
<P><STRONG><a name="[416]"></a>_main_stk</STRONG> (Thumb, 0 bytes, Stack size unknown bytes, entry2.o(.ARM.Collect$$$$00000001))

<P><STRONG><a name="[a1]"></a>_main_scatterload</STRONG> (Thumb, 0 bytes, Stack size unknown bytes, entry5.o(.ARM.Collect$$$$00000004))
<BR><BR>[Calls]<UL><LI><a href="#[a2]">&gt;&gt;</a>&nbsp;&nbsp;&nbsp;__scatterload
</UL>

<P><STRONG><a name="[bb]"></a>__main_after_scatterload</STRONG> (Thumb, 0 bytes, Stack size unknown bytes, entry5.o(.ARM.Collect$$$$00000004))
<BR><BR>[Called By]<UL><LI><a href="#[a2]">&gt;&gt;</a>&nbsp;&nbsp;&nbsp;__scatterload
</UL>

<P><STRONG><a name="[417]"></a>_main_clock</STRONG> (Thumb, 0 bytes, Stack size unknown bytes, entry7b.o(.ARM.Collect$$$$00000008))

<P><STRONG><a name="[418]"></a>_main_cpp_init</STRONG> (Thumb, 0 bytes, Stack size unknown bytes, entry8b.o(.ARM.Collect$$$$0000000A))

<P><STRONG><a name="[419]"></a>_main_init</STRONG> (Thumb, 0 bytes, Stack size unknown bytes, entry9a.o(.ARM.Collect$$$$0000000B))

<P><STRONG><a name="[41a]"></a>__rt_lib_shutdown_fini</STRONG> (Thumb, 0 bytes, Stack size unknown bytes, entry12b.o(.ARM.Collect$$$$0000000E))

<P><STRONG><a name="[41b]"></a>__rt_final_cpp</STRONG> (Thumb, 0 bytes, Stack size unknown bytes, entry10a.o(.ARM.Collect$$$$0000000F))

<P><STRONG><a name="[41c]"></a>__rt_final_exit</STRONG> (Thumb, 0 bytes, Stack size unknown bytes, entry11a.o(.ARM.Collect$$$$00000011))

<P><STRONG><a name="[6]"></a>Reset_Handler</STRONG> (Thumb, 8 bytes, Stack size 0 bytes, startup_stm32f407xx.o(.text))
<BR>[Address Reference Count : 1]<UL><LI> startup_stm32f407xx.o(RESET)
</UL>
<P><STRONG><a name="[22]"></a>ADC_IRQHandler</STRONG> (Thumb, 0 bytes, Stack size 0 bytes, startup_stm32f407xx.o(.text))
<BR><BR>[Calls]<UL><LI><a href="#[22]">&gt;&gt;</a>&nbsp;&nbsp;&nbsp;ADC_IRQHandler
</UL>
<BR>[Called By]<UL><LI><a href="#[22]">&gt;&gt;</a>&nbsp;&nbsp;&nbsp;ADC_IRQHandler
</UL>
<BR>[Address Reference Count : 1]<UL><LI> startup_stm32f407xx.o(RESET)
</UL>
<P><STRONG><a name="[24]"></a>CAN1_RX0_IRQHandler</STRONG> (Thumb, 0 bytes, Stack size 0 bytes, startup_stm32f407xx.o(.text))
<BR>[Address Reference Count : 1]<UL><LI> startup_stm32f407xx.o(RESET)
</UL>
<P><STRONG><a name="[25]"></a>CAN1_RX1_IRQHandler</STRONG> (Thumb, 0 bytes, Stack size 0 bytes, startup_stm32f407xx.o(.text))
<BR>[Address Reference Count : 1]<UL><LI> startup_stm32f407xx.o(RESET)
</UL>
<P><STRONG><a name="[26]"></a>CAN1_SCE_IRQHandler</STRONG> (Thumb, 0 bytes, Stack size 0 bytes, startup_stm32f407xx.o(.text))
<BR>[Address Reference Count : 1]<UL><LI> startup_stm32f407xx.o(RESET)
</UL>
<P><STRONG><a name="[23]"></a>CAN1_TX_IRQHandler</STRONG> (Thumb, 0 bytes, Stack size 0 bytes, startup_stm32f407xx.o(.text))
<BR>[Address Reference Count : 1]<UL><LI> startup_stm32f407xx.o(RESET)
</UL>
<P><STRONG><a name="[50]"></a>CAN2_RX0_IRQHandler</STRONG> (Thumb, 0 bytes, Stack size 0 bytes, startup_stm32f407xx.o(.text))
<BR>[Address Reference Count : 1]<UL><LI> startup_stm32f407xx.o(RESET)
</UL>
<P><STRONG><a name="[51]"></a>CAN2_RX1_IRQHandler</STRONG> (Thumb, 0 bytes, Stack size 0 bytes, startup_stm32f407xx.o(.text))
<BR>[Address Reference Count : 1]<UL><LI> startup_stm32f407xx.o(RESET)
</UL>
<P><STRONG><a name="[52]"></a>CAN2_SCE_IRQHandler</STRONG> (Thumb, 0 bytes, Stack size 0 bytes, startup_stm32f407xx.o(.text))
<BR>[Address Reference Count : 1]<UL><LI> startup_stm32f407xx.o(RESET)
</UL>
<P><STRONG><a name="[4f]"></a>CAN2_TX_IRQHandler</STRONG> (Thumb, 0 bytes, Stack size 0 bytes, startup_stm32f407xx.o(.text))
<BR>[Address Reference Count : 1]<UL><LI> startup_stm32f407xx.o(RESET)
</UL>
<P><STRONG><a name="[5e]"></a>DCMI_IRQHandler</STRONG> (Thumb, 0 bytes, Stack size 0 bytes, startup_stm32f407xx.o(.text))
<BR>[Address Reference Count : 1]<UL><LI> startup_stm32f407xx.o(RESET)
</UL>
<P><STRONG><a name="[1c]"></a>DMA1_Stream1_IRQHandler</STRONG> (Thumb, 0 bytes, Stack size 0 bytes, startup_stm32f407xx.o(.text))
<BR>[Address Reference Count : 1]<UL><LI> startup_stm32f407xx.o(RESET)
</UL>
<P><STRONG><a name="[1d]"></a>DMA1_Stream2_IRQHandler</STRONG> (Thumb, 0 bytes, Stack size 0 bytes, startup_stm32f407xx.o(.text))
<BR>[Address Reference Count : 1]<UL><LI> startup_stm32f407xx.o(RESET)
</UL>
<P><STRONG><a name="[1e]"></a>DMA1_Stream3_IRQHandler</STRONG> (Thumb, 0 bytes, Stack size 0 bytes, startup_stm32f407xx.o(.text))
<BR>[Address Reference Count : 1]<UL><LI> startup_stm32f407xx.o(RESET)
</UL>
<P><STRONG><a name="[1f]"></a>DMA1_Stream4_IRQHandler</STRONG> (Thumb, 0 bytes, Stack size 0 bytes, startup_stm32f407xx.o(.text))
<BR>[Address Reference Count : 1]<UL><LI> startup_stm32f407xx.o(RESET)
</UL>
<P><STRONG><a name="[20]"></a>DMA1_Stream5_IRQHandler</STRONG> (Thumb, 0 bytes, Stack size 0 bytes, startup_stm32f407xx.o(.text))
<BR>[Address Reference Count : 1]<UL><LI> startup_stm32f407xx.o(RESET)
</UL>
<P><STRONG><a name="[21]"></a>DMA1_Stream6_IRQHandler</STRONG> (Thumb, 0 bytes, Stack size 0 bytes, startup_stm32f407xx.o(.text))
<BR>[Address Reference Count : 1]<UL><LI> startup_stm32f407xx.o(RESET)
</UL>
<P><STRONG><a name="[48]"></a>DMA2_Stream0_IRQHandler</STRONG> (Thumb, 0 bytes, Stack size 0 bytes, startup_stm32f407xx.o(.text))
<BR>[Address Reference Count : 1]<UL><LI> startup_stm32f407xx.o(RESET)
</UL>
<P><STRONG><a name="[49]"></a>DMA2_Stream1_IRQHandler</STRONG> (Thumb, 0 bytes, Stack size 0 bytes, startup_stm32f407xx.o(.text))
<BR>[Address Reference Count : 1]<UL><LI> startup_stm32f407xx.o(RESET)
</UL>
<P><STRONG><a name="[4a]"></a>DMA2_Stream2_IRQHandler</STRONG> (Thumb, 0 bytes, Stack size 0 bytes, startup_stm32f407xx.o(.text))
<BR>[Address Reference Count : 1]<UL><LI> startup_stm32f407xx.o(RESET)
</UL>
<P><STRONG><a name="[4c]"></a>DMA2_Stream4_IRQHandler</STRONG> (Thumb, 0 bytes, Stack size 0 bytes, startup_stm32f407xx.o(.text))
<BR>[Address Reference Count : 1]<UL><LI> startup_stm32f407xx.o(RESET)
</UL>
<P><STRONG><a name="[56]"></a>DMA2_Stream7_IRQHandler</STRONG> (Thumb, 0 bytes, Stack size 0 bytes, startup_stm32f407xx.o(.text))
<BR>[Address Reference Count : 1]<UL><LI> startup_stm32f407xx.o(RESET)
</UL>
<P><STRONG><a name="[4d]"></a>ETH_IRQHandler</STRONG> (Thumb, 0 bytes, Stack size 0 bytes, startup_stm32f407xx.o(.text))
<BR>[Address Reference Count : 1]<UL><LI> startup_stm32f407xx.o(RESET)
</UL>
<P><STRONG><a name="[4e]"></a>ETH_WKUP_IRQHandler</STRONG> (Thumb, 0 bytes, Stack size 0 bytes, startup_stm32f407xx.o(.text))
<BR>[Address Reference Count : 1]<UL><LI> startup_stm32f407xx.o(RESET)
</UL>
<P><STRONG><a name="[18]"></a>EXTI2_IRQHandler</STRONG> (Thumb, 0 bytes, Stack size 0 bytes, startup_stm32f407xx.o(.text))
<BR>[Address Reference Count : 1]<UL><LI> startup_stm32f407xx.o(RESET)
</UL>
<P><STRONG><a name="[19]"></a>EXTI3_IRQHandler</STRONG> (Thumb, 0 bytes, Stack size 0 bytes, startup_stm32f407xx.o(.text))
<BR>[Address Reference Count : 1]<UL><LI> startup_stm32f407xx.o(RESET)
</UL>
<P><STRONG><a name="[1a]"></a>EXTI4_IRQHandler</STRONG> (Thumb, 0 bytes, Stack size 0 bytes, startup_stm32f407xx.o(.text))
<BR>[Address Reference Count : 1]<UL><LI> startup_stm32f407xx.o(RESET)
</UL>
<P><STRONG><a name="[14]"></a>FLASH_IRQHandler</STRONG> (Thumb, 0 bytes, Stack size 0 bytes, startup_stm32f407xx.o(.text))
<BR>[Address Reference Count : 1]<UL><LI> startup_stm32f407xx.o(RESET)
</UL>
<P><STRONG><a name="[40]"></a>FMC_IRQHandler</STRONG> (Thumb, 0 bytes, Stack size 0 bytes, startup_stm32f407xx.o(.text))
<BR>[Address Reference Count : 1]<UL><LI> startup_stm32f407xx.o(RESET)
</UL>
<P><STRONG><a name="[60]"></a>FPU_IRQHandler</STRONG> (Thumb, 0 bytes, Stack size 0 bytes, startup_stm32f407xx.o(.text))
<BR>[Address Reference Count : 1]<UL><LI> startup_stm32f407xx.o(RESET)
</UL>
<P><STRONG><a name="[30]"></a>I2C1_ER_IRQHandler</STRONG> (Thumb, 0 bytes, Stack size 0 bytes, startup_stm32f407xx.o(.text))
<BR>[Address Reference Count : 1]<UL><LI> startup_stm32f407xx.o(RESET)
</UL>
<P><STRONG><a name="[32]"></a>I2C2_ER_IRQHandler</STRONG> (Thumb, 0 bytes, Stack size 0 bytes, startup_stm32f407xx.o(.text))
<BR>[Address Reference Count : 1]<UL><LI> startup_stm32f407xx.o(RESET)
</UL>
<P><STRONG><a name="[31]"></a>I2C2_EV_IRQHandler</STRONG> (Thumb, 0 bytes, Stack size 0 bytes, startup_stm32f407xx.o(.text))
<BR>[Address Reference Count : 1]<UL><LI> startup_stm32f407xx.o(RESET)
</UL>
<P><STRONG><a name="[59]"></a>I2C3_ER_IRQHandler</STRONG> (Thumb, 0 bytes, Stack size 0 bytes, startup_stm32f407xx.o(.text))
<BR>[Address Reference Count : 1]<UL><LI> startup_stm32f407xx.o(RESET)
</UL>
<P><STRONG><a name="[58]"></a>I2C3_EV_IRQHandler</STRONG> (Thumb, 0 bytes, Stack size 0 bytes, startup_stm32f407xx.o(.text))
<BR>[Address Reference Count : 1]<UL><LI> startup_stm32f407xx.o(RESET)
</UL>
<P><STRONG><a name="[3a]"></a>OTG_FS_WKUP_IRQHandler</STRONG> (Thumb, 0 bytes, Stack size 0 bytes, startup_stm32f407xx.o(.text))
<BR>[Address Reference Count : 1]<UL><LI> startup_stm32f407xx.o(RESET)
</UL>
<P><STRONG><a name="[5b]"></a>OTG_HS_EP1_IN_IRQHandler</STRONG> (Thumb, 0 bytes, Stack size 0 bytes, startup_stm32f407xx.o(.text))
<BR>[Address Reference Count : 1]<UL><LI> startup_stm32f407xx.o(RESET)
</UL>
<P><STRONG><a name="[5a]"></a>OTG_HS_EP1_OUT_IRQHandler</STRONG> (Thumb, 0 bytes, Stack size 0 bytes, startup_stm32f407xx.o(.text))
<BR>[Address Reference Count : 1]<UL><LI> startup_stm32f407xx.o(RESET)
</UL>
<P><STRONG><a name="[5d]"></a>OTG_HS_IRQHandler</STRONG> (Thumb, 0 bytes, Stack size 0 bytes, startup_stm32f407xx.o(.text))
<BR>[Address Reference Count : 1]<UL><LI> startup_stm32f407xx.o(RESET)
</UL>
<P><STRONG><a name="[5c]"></a>OTG_HS_WKUP_IRQHandler</STRONG> (Thumb, 0 bytes, Stack size 0 bytes, startup_stm32f407xx.o(.text))
<BR>[Address Reference Count : 1]<UL><LI> startup_stm32f407xx.o(RESET)
</UL>
<P><STRONG><a name="[11]"></a>PVD_IRQHandler</STRONG> (Thumb, 0 bytes, Stack size 0 bytes, startup_stm32f407xx.o(.text))
<BR>[Address Reference Count : 1]<UL><LI> startup_stm32f407xx.o(RESET)
</UL>
<P><STRONG><a name="[15]"></a>RCC_IRQHandler</STRONG> (Thumb, 0 bytes, Stack size 0 bytes, startup_stm32f407xx.o(.text))
<BR>[Address Reference Count : 1]<UL><LI> startup_stm32f407xx.o(RESET)
</UL>
<P><STRONG><a name="[39]"></a>RTC_Alarm_IRQHandler</STRONG> (Thumb, 0 bytes, Stack size 0 bytes, startup_stm32f407xx.o(.text))
<BR>[Address Reference Count : 1]<UL><LI> startup_stm32f407xx.o(RESET)
</UL>
<P><STRONG><a name="[13]"></a>RTC_WKUP_IRQHandler</STRONG> (Thumb, 0 bytes, Stack size 0 bytes, startup_stm32f407xx.o(.text))
<BR>[Address Reference Count : 1]<UL><LI> startup_stm32f407xx.o(RESET)
</UL>
<P><STRONG><a name="[43]"></a>SPI3_IRQHandler</STRONG> (Thumb, 0 bytes, Stack size 0 bytes, startup_stm32f407xx.o(.text))
<BR>[Address Reference Count : 1]<UL><LI> startup_stm32f407xx.o(RESET)
</UL>
<P><STRONG><a name="[12]"></a>TAMP_STAMP_IRQHandler</STRONG> (Thumb, 0 bytes, Stack size 0 bytes, startup_stm32f407xx.o(.text))
<BR>[Address Reference Count : 1]<UL><LI> startup_stm32f407xx.o(RESET)
</UL>
<P><STRONG><a name="[2a]"></a>TIM1_TRG_COM_TIM11_IRQHandler</STRONG> (Thumb, 0 bytes, Stack size 0 bytes, startup_stm32f407xx.o(.text))
<BR>[Address Reference Count : 1]<UL><LI> startup_stm32f407xx.o(RESET)
</UL>
<P><STRONG><a name="[29]"></a>TIM1_UP_TIM10_IRQHandler</STRONG> (Thumb, 0 bytes, Stack size 0 bytes, startup_stm32f407xx.o(.text))
<BR>[Address Reference Count : 1]<UL><LI> startup_stm32f407xx.o(RESET)
</UL>
<P><STRONG><a name="[2c]"></a>TIM2_IRQHandler</STRONG> (Thumb, 0 bytes, Stack size 0 bytes, startup_stm32f407xx.o(.text))
<BR>[Address Reference Count : 1]<UL><LI> startup_stm32f407xx.o(RESET)
</UL>
<P><STRONG><a name="[2d]"></a>TIM3_IRQHandler</STRONG> (Thumb, 0 bytes, Stack size 0 bytes, startup_stm32f407xx.o(.text))
<BR>[Address Reference Count : 1]<UL><LI> startup_stm32f407xx.o(RESET)
</UL>
<P><STRONG><a name="[42]"></a>TIM5_IRQHandler</STRONG> (Thumb, 0 bytes, Stack size 0 bytes, startup_stm32f407xx.o(.text))
<BR>[Address Reference Count : 1]<UL><LI> startup_stm32f407xx.o(RESET)
</UL>
<P><STRONG><a name="[3b]"></a>TIM8_BRK_TIM12_IRQHandler</STRONG> (Thumb, 0 bytes, Stack size 0 bytes, startup_stm32f407xx.o(.text))
<BR>[Address Reference Count : 1]<UL><LI> startup_stm32f407xx.o(RESET)
</UL>
<P><STRONG><a name="[3e]"></a>TIM8_CC_IRQHandler</STRONG> (Thumb, 0 bytes, Stack size 0 bytes, startup_stm32f407xx.o(.text))
<BR>[Address Reference Count : 1]<UL><LI> startup_stm32f407xx.o(RESET)
</UL>
<P><STRONG><a name="[3d]"></a>TIM8_TRG_COM_TIM14_IRQHandler</STRONG> (Thumb, 0 bytes, Stack size 0 bytes, startup_stm32f407xx.o(.text))
<BR>[Address Reference Count : 1]<UL><LI> startup_stm32f407xx.o(RESET)
</UL>
<P><STRONG><a name="[3c]"></a>TIM8_UP_TIM13_IRQHandler</STRONG> (Thumb, 0 bytes, Stack size 0 bytes, startup_stm32f407xx.o(.text))
<BR>[Address Reference Count : 1]<UL><LI> startup_stm32f407xx.o(RESET)
</UL>
<P><STRONG><a name="[45]"></a>UART5_IRQHandler</STRONG> (Thumb, 0 bytes, Stack size 0 bytes, startup_stm32f407xx.o(.text))
<BR>[Address Reference Count : 1]<UL><LI> startup_stm32f407xx.o(RESET)
</UL>
<P><STRONG><a name="[36]"></a>USART2_IRQHandler</STRONG> (Thumb, 0 bytes, Stack size 0 bytes, startup_stm32f407xx.o(.text))
<BR>[Address Reference Count : 1]<UL><LI> startup_stm32f407xx.o(RESET)
</UL>
<P><STRONG><a name="[10]"></a>WWDG_IRQHandler</STRONG> (Thumb, 0 bytes, Stack size 0 bytes, startup_stm32f407xx.o(.text))
<BR>[Address Reference Count : 1]<UL><LI> startup_stm32f407xx.o(RESET)
</UL>
<P><STRONG><a name="[a3]"></a>__aeabi_uldivmod</STRONG> (Thumb, 98 bytes, Stack size 40 bytes, uldiv.o(.text))
<BR><BR>[Stack]<UL><LI>Max Depth = 40<LI>Call Chain = __aeabi_uldivmod
</UL>
<BR>[Calls]<UL><LI><a href="#[a4]">&gt;&gt;</a>&nbsp;&nbsp;&nbsp;__aeabi_llsr
<LI><a href="#[a5]">&gt;&gt;</a>&nbsp;&nbsp;&nbsp;__aeabi_llsl
</UL>
<BR>[Called By]<UL><LI><a href="#[189]">&gt;&gt;</a>&nbsp;&nbsp;&nbsp;HAL_RCC_GetSysClockFreq
<LI><a href="#[33b]">&gt;&gt;</a>&nbsp;&nbsp;&nbsp;f_write
<LI><a href="#[333]">&gt;&gt;</a>&nbsp;&nbsp;&nbsp;f_read
<LI><a href="#[29c]">&gt;&gt;</a>&nbsp;&nbsp;&nbsp;f_open
<LI><a href="#[372]">&gt;&gt;</a>&nbsp;&nbsp;&nbsp;f_lseek
<LI><a href="#[33d]">&gt;&gt;</a>&nbsp;&nbsp;&nbsp;get_fat
<LI><a href="#[337]">&gt;&gt;</a>&nbsp;&nbsp;&nbsp;clmt_clust
<LI><a href="#[33a]">&gt;&gt;</a>&nbsp;&nbsp;&nbsp;copy_toSD
<LI><a href="#[115]">&gt;&gt;</a>&nbsp;&nbsp;&nbsp;Update_States
<LI><a href="#[393]">&gt;&gt;</a>&nbsp;&nbsp;&nbsp;set_Last_ping_time
<LI><a href="#[279]">&gt;&gt;</a>&nbsp;&nbsp;&nbsp;getSlaves_Errors
<LI><a href="#[318]">&gt;&gt;</a>&nbsp;&nbsp;&nbsp;_printf_core
<LI><a href="#[31a]">&gt;&gt;</a>&nbsp;&nbsp;&nbsp;_fp_digits
</UL>

<P><STRONG><a name="[275]"></a>__aeabi_memcpy</STRONG> (Thumb, 36 bytes, Stack size 0 bytes, memcpya.o(.text))
<BR><BR>[Called By]<UL><LI><a href="#[2d7]">&gt;&gt;</a>&nbsp;&nbsp;&nbsp;USBH_MSC_SCSI_Inquiry
<LI><a href="#[388]">&gt;&gt;</a>&nbsp;&nbsp;&nbsp;getMSEvent
<LI><a href="#[7e]">&gt;&gt;</a>&nbsp;&nbsp;&nbsp;USBH_write
<LI><a href="#[7d]">&gt;&gt;</a>&nbsp;&nbsp;&nbsp;USBH_read
<LI><a href="#[119]">&gt;&gt;</a>&nbsp;&nbsp;&nbsp;display_refresh
<LI><a href="#[315]">&gt;&gt;</a>&nbsp;&nbsp;&nbsp;Wireless_Send
<LI><a href="#[272]">&gt;&gt;</a>&nbsp;&nbsp;&nbsp;sendMessageToWireless
<LI><a href="#[3a4]">&gt;&gt;</a>&nbsp;&nbsp;&nbsp;processMsg
<LI><a href="#[274]">&gt;&gt;</a>&nbsp;&nbsp;&nbsp;Sending
<LI><a href="#[297]">&gt;&gt;</a>&nbsp;&nbsp;&nbsp;uart_DMX_send
<LI><a href="#[3bd]">&gt;&gt;</a>&nbsp;&nbsp;&nbsp;tokenize
</UL>

<P><STRONG><a name="[155]"></a>__aeabi_memcpy4</STRONG> (Thumb, 0 bytes, Stack size 0 bytes, memcpya.o(.text))
<BR><BR>[Called By]<UL><LI><a href="#[152]">&gt;&gt;</a>&nbsp;&nbsp;&nbsp;HAL_HCD_Init
<LI><a href="#[2d1]">&gt;&gt;</a>&nbsp;&nbsp;&nbsp;USBH_MSC_GetLUNInfo
</UL>

<P><STRONG><a name="[41d]"></a>__aeabi_memcpy8</STRONG> (Thumb, 0 bytes, Stack size 0 bytes, memcpya.o(.text), UNUSED)

<P><STRONG><a name="[a7]"></a>__aeabi_memset</STRONG> (Thumb, 14 bytes, Stack size 0 bytes, memseta.o(.text))
<BR><BR>[Called By]<UL><LI><a href="#[a8]">&gt;&gt;</a>&nbsp;&nbsp;&nbsp;_memset$wrapper
<LI><a href="#[a6]">&gt;&gt;</a>&nbsp;&nbsp;&nbsp;__aeabi_memclr
</UL>

<P><STRONG><a name="[41e]"></a>__aeabi_memset4</STRONG> (Thumb, 0 bytes, Stack size 0 bytes, memseta.o(.text), UNUSED)

<P><STRONG><a name="[41f]"></a>__aeabi_memset8</STRONG> (Thumb, 0 bytes, Stack size 0 bytes, memseta.o(.text), UNUSED)

<P><STRONG><a name="[a6]"></a>__aeabi_memclr</STRONG> (Thumb, 4 bytes, Stack size 0 bytes, memseta.o(.text))
<BR><BR>[Calls]<UL><LI><a href="#[a7]">&gt;&gt;</a>&nbsp;&nbsp;&nbsp;__aeabi_memset
</UL>
<BR>[Called By]<UL><LI><a href="#[2dd]">&gt;&gt;</a>&nbsp;&nbsp;&nbsp;USBH_MSC_SCSI_Write
<LI><a href="#[2d8]">&gt;&gt;</a>&nbsp;&nbsp;&nbsp;USBH_MSC_SCSI_TestUnitReady
<LI><a href="#[2da]">&gt;&gt;</a>&nbsp;&nbsp;&nbsp;USBH_MSC_SCSI_RequestSense
<LI><a href="#[2d9]">&gt;&gt;</a>&nbsp;&nbsp;&nbsp;USBH_MSC_SCSI_ReadCapacity
<LI><a href="#[2dc]">&gt;&gt;</a>&nbsp;&nbsp;&nbsp;USBH_MSC_SCSI_Read
<LI><a href="#[2d7]">&gt;&gt;</a>&nbsp;&nbsp;&nbsp;USBH_MSC_SCSI_Inquiry
<LI><a href="#[3ac]">&gt;&gt;</a>&nbsp;&nbsp;&nbsp;load_flash_script
<LI><a href="#[239]">&gt;&gt;</a>&nbsp;&nbsp;&nbsp;MX_UART8_InitLL
<LI><a href="#[205]">&gt;&gt;</a>&nbsp;&nbsp;&nbsp;LCD_Initial
<LI><a href="#[1f6]">&gt;&gt;</a>&nbsp;&nbsp;&nbsp;InitWireless
<LI><a href="#[11a]">&gt;&gt;</a>&nbsp;&nbsp;&nbsp;Update_Icons
<LI><a href="#[114]">&gt;&gt;</a>&nbsp;&nbsp;&nbsp;Update_Copyto_SD
<LI><a href="#[111]">&gt;&gt;</a>&nbsp;&nbsp;&nbsp;Display_Text
<LI><a href="#[fc]">&gt;&gt;</a>&nbsp;&nbsp;&nbsp;ClearDisplay
<LI><a href="#[215]">&gt;&gt;</a>&nbsp;&nbsp;&nbsp;write_2lines_mid
<LI><a href="#[308]">&gt;&gt;</a>&nbsp;&nbsp;&nbsp;write_2lines
<LI><a href="#[2fe]">&gt;&gt;</a>&nbsp;&nbsp;&nbsp;update_Wireless_Icon
<LI><a href="#[301]">&gt;&gt;</a>&nbsp;&nbsp;&nbsp;update_AB_Icon
<LI><a href="#[2ff]">&gt;&gt;</a>&nbsp;&nbsp;&nbsp;update_2Wire_Icon
<LI><a href="#[3f6]">&gt;&gt;</a>&nbsp;&nbsp;&nbsp;settings_Main
<LI><a href="#[3f3]">&gt;&gt;</a>&nbsp;&nbsp;&nbsp;set_display_Wireless_choose
<LI><a href="#[3ef]">&gt;&gt;</a>&nbsp;&nbsp;&nbsp;set_display_Wireless_LF_Set
<LI><a href="#[3ee]">&gt;&gt;</a>&nbsp;&nbsp;&nbsp;set_display_Time_choose
<LI><a href="#[3ec]">&gt;&gt;</a>&nbsp;&nbsp;&nbsp;set_display_TimeZone_choose
<LI><a href="#[3eb]">&gt;&gt;</a>&nbsp;&nbsp;&nbsp;set_display_TimeStart_choose
<LI><a href="#[3e9]">&gt;&gt;</a>&nbsp;&nbsp;&nbsp;set_display_TimeReal_choose
<LI><a href="#[3e8]">&gt;&gt;</a>&nbsp;&nbsp;&nbsp;set_display_TimeCode_choose
<LI><a href="#[3e7]">&gt;&gt;</a>&nbsp;&nbsp;&nbsp;set_display_Save_Exit_choose
<LI><a href="#[3e6]">&gt;&gt;</a>&nbsp;&nbsp;&nbsp;set_display_Default_choose
<LI><a href="#[3e3]">&gt;&gt;</a>&nbsp;&nbsp;&nbsp;set_display_AB_ID_choose
<LI><a href="#[314]">&gt;&gt;</a>&nbsp;&nbsp;&nbsp;res_buf_line
<LI><a href="#[316]">&gt;&gt;</a>&nbsp;&nbsp;&nbsp;Wireless_reset_disp
<LI><a href="#[112]">&gt;&gt;</a>&nbsp;&nbsp;&nbsp;Wireless_Choose
<LI><a href="#[116]">&gt;&gt;</a>&nbsp;&nbsp;&nbsp;Updates_Player_StatTime
<LI><a href="#[117]">&gt;&gt;</a>&nbsp;&nbsp;&nbsp;Updates_Player_Stat2
<LI><a href="#[115]">&gt;&gt;</a>&nbsp;&nbsp;&nbsp;Update_States
<LI><a href="#[272]">&gt;&gt;</a>&nbsp;&nbsp;&nbsp;sendMessageToWireless
<LI><a href="#[3a9]">&gt;&gt;</a>&nbsp;&nbsp;&nbsp;parseData
<LI><a href="#[113]">&gt;&gt;</a>&nbsp;&nbsp;&nbsp;Wireless_RST_Wait
<LI><a href="#[12d]">&gt;&gt;</a>&nbsp;&nbsp;&nbsp;set_default_settings
</UL>

<P><STRONG><a name="[10e]"></a>__aeabi_memclr4</STRONG> (Thumb, 0 bytes, Stack size 0 bytes, memseta.o(.text))
<BR><BR>[Called By]<UL><LI><a href="#[127]">&gt;&gt;</a>&nbsp;&nbsp;&nbsp;sendStringMessageToGPS
<LI><a href="#[332]">&gt;&gt;</a>&nbsp;&nbsp;&nbsp;check_player_stat
<LI><a href="#[1]">&gt;&gt;</a>&nbsp;&nbsp;&nbsp;USBH_MSC_InterfaceInit
<LI><a href="#[3c2]">&gt;&gt;</a>&nbsp;&nbsp;&nbsp;wave_player_process
<LI><a href="#[3b9]">&gt;&gt;</a>&nbsp;&nbsp;&nbsp;w433_task
<LI><a href="#[3c3]">&gt;&gt;</a>&nbsp;&nbsp;&nbsp;rst_prg_script
<LI><a href="#[be]">&gt;&gt;</a>&nbsp;&nbsp;&nbsp;readAdcA
<LI><a href="#[103]">&gt;&gt;</a>&nbsp;&nbsp;&nbsp;getWirMessages
<LI><a href="#[239]">&gt;&gt;</a>&nbsp;&nbsp;&nbsp;MX_UART8_InitLL
<LI><a href="#[229]">&gt;&gt;</a>&nbsp;&nbsp;&nbsp;MX_TIM6_Init_LL
<LI><a href="#[1f9]">&gt;&gt;</a>&nbsp;&nbsp;&nbsp;Init_TimeCode
<LI><a href="#[1f6]">&gt;&gt;</a>&nbsp;&nbsp;&nbsp;InitWireless
<LI><a href="#[295]">&gt;&gt;</a>&nbsp;&nbsp;&nbsp;set_rst_DMX_Line
<LI><a href="#[224]">&gt;&gt;</a>&nbsp;&nbsp;&nbsp;MX_GPIO_Init_LCD
<LI><a href="#[222]">&gt;&gt;</a>&nbsp;&nbsp;&nbsp;MX_GPIO_Init_Button
<LI><a href="#[1d3]">&gt;&gt;</a>&nbsp;&nbsp;&nbsp;HAL_TIM_MspPostInit
<LI><a href="#[1bc]">&gt;&gt;</a>&nbsp;&nbsp;&nbsp;HAL_TIM_Base_MspInit
<LI><a href="#[1b7]">&gt;&gt;</a>&nbsp;&nbsp;&nbsp;HAL_SPI_MspInit
<LI><a href="#[227]">&gt;&gt;</a>&nbsp;&nbsp;&nbsp;MX_TIM13_Init
<LI><a href="#[107]">&gt;&gt;</a>&nbsp;&nbsp;&nbsp;lock_pwr_button
<LI><a href="#[3eb]">&gt;&gt;</a>&nbsp;&nbsp;&nbsp;set_display_TimeStart_choose
<LI><a href="#[116]">&gt;&gt;</a>&nbsp;&nbsp;&nbsp;Updates_Player_StatTime
<LI><a href="#[115]">&gt;&gt;</a>&nbsp;&nbsp;&nbsp;Update_States
<LI><a href="#[104]">&gt;&gt;</a>&nbsp;&nbsp;&nbsp;config_PAN_EPAN
<LI><a href="#[101]">&gt;&gt;</a>&nbsp;&nbsp;&nbsp;sendStringMessageToWireless
<LI><a href="#[272]">&gt;&gt;</a>&nbsp;&nbsp;&nbsp;sendMessageToWireless
<LI><a href="#[3a4]">&gt;&gt;</a>&nbsp;&nbsp;&nbsp;processMsg
<LI><a href="#[348]">&gt;&gt;</a>&nbsp;&nbsp;&nbsp;decodeDataMessage
<LI><a href="#[367]">&gt;&gt;</a>&nbsp;&nbsp;&nbsp;read_gen_FSK_Time
<LI><a href="#[10d]">&gt;&gt;</a>&nbsp;&nbsp;&nbsp;Disable_TC_SMPTE_Gen_Pin
<LI><a href="#[3cb]">&gt;&gt;</a>&nbsp;&nbsp;&nbsp;reset_TimeCodeBuffer
<LI><a href="#[23f]">&gt;&gt;</a>&nbsp;&nbsp;&nbsp;MX_UART8_Init_LL_PINs
<LI><a href="#[235]">&gt;&gt;</a>&nbsp;&nbsp;&nbsp;MX_TIM6_Init_LL_XX
<LI><a href="#[1e2]">&gt;&gt;</a>&nbsp;&nbsp;&nbsp;HAL_UART_MspInit
<LI><a href="#[24b]">&gt;&gt;</a>&nbsp;&nbsp;&nbsp;RTC_Set
<LI><a href="#[391]">&gt;&gt;</a>&nbsp;&nbsp;&nbsp;send_uCast_433Mhz_msg
<LI><a href="#[247]">&gt;&gt;</a>&nbsp;&nbsp;&nbsp;send_sync_msg
<LI><a href="#[397]">&gt;&gt;</a>&nbsp;&nbsp;&nbsp;send_sync_433_msg
<LI><a href="#[3d7]">&gt;&gt;</a>&nbsp;&nbsp;&nbsp;send_433_start_sync_msg
<LI><a href="#[394]">&gt;&gt;</a>&nbsp;&nbsp;&nbsp;send_433_mod_ping_reply
<LI><a href="#[99]">&gt;&gt;</a>&nbsp;&nbsp;&nbsp;sendSMStatusInterface
<LI><a href="#[98]">&gt;&gt;</a>&nbsp;&nbsp;&nbsp;sendMSStop
<LI><a href="#[97]">&gt;&gt;</a>&nbsp;&nbsp;&nbsp;sendMSStart
<LI><a href="#[96]">&gt;&gt;</a>&nbsp;&nbsp;&nbsp;sendMSPowerEnable
<LI><a href="#[95]">&gt;&gt;</a>&nbsp;&nbsp;&nbsp;sendMSPowerDisable
<LI><a href="#[94]">&gt;&gt;</a>&nbsp;&nbsp;&nbsp;sendMSPause
<LI><a href="#[310]">&gt;&gt;</a>&nbsp;&nbsp;&nbsp;sendMSJoinBroadcastWX
<LI><a href="#[11d]">&gt;&gt;</a>&nbsp;&nbsp;&nbsp;Enable_TC_SMPTE_Gen_Pin
</UL>

<P><STRONG><a name="[420]"></a>__aeabi_memclr8</STRONG> (Thumb, 0 bytes, Stack size 0 bytes, memseta.o(.text), UNUSED)

<P><STRONG><a name="[a8]"></a>_memset$wrapper</STRONG> (Thumb, 18 bytes, Stack size 8 bytes, memseta.o(.text), UNUSED)
<BR><BR>[Calls]<UL><LI><a href="#[a7]">&gt;&gt;</a>&nbsp;&nbsp;&nbsp;__aeabi_memset
</UL>

<P><STRONG><a name="[303]"></a>strcat</STRONG> (Thumb, 24 bytes, Stack size 0 bytes, strcat.o(.text))
<BR><BR>[Called By]<UL><LI><a href="#[127]">&gt;&gt;</a>&nbsp;&nbsp;&nbsp;sendStringMessageToGPS
<LI><a href="#[3eb]">&gt;&gt;</a>&nbsp;&nbsp;&nbsp;set_display_TimeStart_choose
<LI><a href="#[116]">&gt;&gt;</a>&nbsp;&nbsp;&nbsp;Updates_Player_StatTime
<LI><a href="#[117]">&gt;&gt;</a>&nbsp;&nbsp;&nbsp;Updates_Player_Stat2
<LI><a href="#[115]">&gt;&gt;</a>&nbsp;&nbsp;&nbsp;Update_States
<LI><a href="#[104]">&gt;&gt;</a>&nbsp;&nbsp;&nbsp;config_PAN_EPAN
<LI><a href="#[101]">&gt;&gt;</a>&nbsp;&nbsp;&nbsp;sendStringMessageToWireless
<LI><a href="#[272]">&gt;&gt;</a>&nbsp;&nbsp;&nbsp;sendMessageToWireless
</UL>

<P><STRONG><a name="[34a]"></a>strncpy</STRONG> (Thumb, 24 bytes, Stack size 8 bytes, strncpy.o(.text))
<BR><BR>[Stack]<UL><LI>Max Depth = 8<LI>Call Chain = strncpy
</UL>
<BR>[Called By]<UL><LI><a href="#[348]">&gt;&gt;</a>&nbsp;&nbsp;&nbsp;decodeDataMessage
</UL>

<P><STRONG><a name="[3c7]"></a>strchr</STRONG> (Thumb, 20 bytes, Stack size 0 bytes, strchr.o(.text))
<BR><BR>[Called By]<UL><LI><a href="#[3bd]">&gt;&gt;</a>&nbsp;&nbsp;&nbsp;tokenize
<LI><a href="#[3a8]">&gt;&gt;</a>&nbsp;&nbsp;&nbsp;readDataFromUart
</UL>

<P><STRONG><a name="[100]"></a>strlen</STRONG> (Thumb, 14 bytes, Stack size 0 bytes, strlen.o(.text))
<BR><BR>[Called By]<UL><LI><a href="#[126]">&gt;&gt;</a>&nbsp;&nbsp;&nbsp;GPS_Update_Settings
<LI><a href="#[114]">&gt;&gt;</a>&nbsp;&nbsp;&nbsp;Update_Copyto_SD
<LI><a href="#[215]">&gt;&gt;</a>&nbsp;&nbsp;&nbsp;write_2lines_mid
<LI><a href="#[308]">&gt;&gt;</a>&nbsp;&nbsp;&nbsp;write_2lines
<LI><a href="#[3f6]">&gt;&gt;</a>&nbsp;&nbsp;&nbsp;settings_Main
<LI><a href="#[3f3]">&gt;&gt;</a>&nbsp;&nbsp;&nbsp;set_display_Wireless_choose
<LI><a href="#[3ef]">&gt;&gt;</a>&nbsp;&nbsp;&nbsp;set_display_Wireless_LF_Set
<LI><a href="#[3ee]">&gt;&gt;</a>&nbsp;&nbsp;&nbsp;set_display_Time_choose
<LI><a href="#[3ec]">&gt;&gt;</a>&nbsp;&nbsp;&nbsp;set_display_TimeZone_choose
<LI><a href="#[3eb]">&gt;&gt;</a>&nbsp;&nbsp;&nbsp;set_display_TimeStart_choose
<LI><a href="#[3e9]">&gt;&gt;</a>&nbsp;&nbsp;&nbsp;set_display_TimeReal_choose
<LI><a href="#[3e8]">&gt;&gt;</a>&nbsp;&nbsp;&nbsp;set_display_TimeCode_choose
<LI><a href="#[3e7]">&gt;&gt;</a>&nbsp;&nbsp;&nbsp;set_display_Save_Exit_choose
<LI><a href="#[3e6]">&gt;&gt;</a>&nbsp;&nbsp;&nbsp;set_display_Default_choose
<LI><a href="#[3e3]">&gt;&gt;</a>&nbsp;&nbsp;&nbsp;set_display_AB_ID_choose
<LI><a href="#[112]">&gt;&gt;</a>&nbsp;&nbsp;&nbsp;Wireless_Choose
<LI><a href="#[116]">&gt;&gt;</a>&nbsp;&nbsp;&nbsp;Updates_Player_StatTime
<LI><a href="#[117]">&gt;&gt;</a>&nbsp;&nbsp;&nbsp;Updates_Player_Stat2
<LI><a href="#[1f8]">&gt;&gt;</a>&nbsp;&nbsp;&nbsp;startWirelessAB
<LI><a href="#[ff]">&gt;&gt;</a>&nbsp;&nbsp;&nbsp;hard_reset_wireless
<LI><a href="#[105]">&gt;&gt;</a>&nbsp;&nbsp;&nbsp;config_basic_wir
<LI><a href="#[104]">&gt;&gt;</a>&nbsp;&nbsp;&nbsp;config_PAN_EPAN
<LI><a href="#[fe]">&gt;&gt;</a>&nbsp;&nbsp;&nbsp;Config_Wir
<LI><a href="#[101]">&gt;&gt;</a>&nbsp;&nbsp;&nbsp;sendStringMessageToWireless
<LI><a href="#[272]">&gt;&gt;</a>&nbsp;&nbsp;&nbsp;sendMessageToWireless
<LI><a href="#[3a4]">&gt;&gt;</a>&nbsp;&nbsp;&nbsp;processMsg
<LI><a href="#[348]">&gt;&gt;</a>&nbsp;&nbsp;&nbsp;decodeDataMessage
<LI><a href="#[3bd]">&gt;&gt;</a>&nbsp;&nbsp;&nbsp;tokenize
<LI><a href="#[113]">&gt;&gt;</a>&nbsp;&nbsp;&nbsp;Wireless_RST_Wait
</UL>

<P><STRONG><a name="[3be]"></a>strcmp</STRONG> (Thumb, 28 bytes, Stack size 8 bytes, strcmp.o(.text))
<BR><BR>[Stack]<UL><LI>Max Depth = 8<LI>Call Chain = strcmp
</UL>
<BR>[Called By]<UL><LI><a href="#[2fe]">&gt;&gt;</a>&nbsp;&nbsp;&nbsp;update_Wireless_Icon
<LI><a href="#[3a5]">&gt;&gt;</a>&nbsp;&nbsp;&nbsp;parseMessage
<LI><a href="#[3a9]">&gt;&gt;</a>&nbsp;&nbsp;&nbsp;parseData
</UL>

<P><STRONG><a name="[3d8]"></a>strcpy</STRONG> (Thumb, 18 bytes, Stack size 0 bytes, strcpy.o(.text))
<BR><BR>[Called By]<UL><LI><a href="#[127]">&gt;&gt;</a>&nbsp;&nbsp;&nbsp;sendStringMessageToGPS
<LI><a href="#[101]">&gt;&gt;</a>&nbsp;&nbsp;&nbsp;sendStringMessageToWireless
</UL>

<P><STRONG><a name="[34d]"></a>strncmp</STRONG> (Thumb, 30 bytes, Stack size 12 bytes, strncmp.o(.text))
<BR><BR>[Stack]<UL><LI>Max Depth = 12<LI>Call Chain = strncmp
</UL>
<BR>[Called By]<UL><LI><a href="#[348]">&gt;&gt;</a>&nbsp;&nbsp;&nbsp;decodeDataMessage
</UL>

<P><STRONG><a name="[3c4]"></a>strtok</STRONG> (Thumb, 62 bytes, Stack size 16 bytes, strtok.o(.text))
<BR><BR>[Stack]<UL><LI>Max Depth = 16<LI>Call Chain = strtok
</UL>
<BR>[Called By]<UL><LI><a href="#[3a4]">&gt;&gt;</a>&nbsp;&nbsp;&nbsp;processMsg
</UL>

<P><STRONG><a name="[a9]"></a>__0sscanf</STRONG> (Thumb, 48 bytes, Stack size 72 bytes, __0sscanf.o(.text))
<BR><BR>[Stack]<UL><LI>Max Depth = 216<LI>Call Chain = __0sscanf &rArr; __vfscanf_char &rArr; __vfscanf &rArr; _scanf_int
</UL>
<BR>[Calls]<UL><LI><a href="#[aa]">&gt;&gt;</a>&nbsp;&nbsp;&nbsp;__vfscanf_char
</UL>
<BR>[Called By]<UL><LI><a href="#[322]">&gt;&gt;</a>&nbsp;&nbsp;&nbsp;calculateUintValue
<LI><a href="#[321]">&gt;&gt;</a>&nbsp;&nbsp;&nbsp;calculateULongLongIntValue
<LI><a href="#[320]">&gt;&gt;</a>&nbsp;&nbsp;&nbsp;calculateSintValue
</UL>

<P><STRONG><a name="[ab]"></a>_scanf_longlong</STRONG> (Thumb, 342 bytes, Stack size 56 bytes, _scanf_longlong.o(.text))
<BR><BR>[Stack]<UL><LI>Max Depth = 56<LI>Call Chain = _scanf_longlong
</UL>
<BR>[Calls]<UL><LI><a href="#[ac]">&gt;&gt;</a>&nbsp;&nbsp;&nbsp;_chval
</UL>
<BR>[Called By]<UL><LI><a href="#[b8]">&gt;&gt;</a>&nbsp;&nbsp;&nbsp;__vfscanf
</UL>

<P><STRONG><a name="[ad]"></a>_scanf_int</STRONG> (Thumb, 332 bytes, Stack size 56 bytes, _scanf_int.o(.text))
<BR><BR>[Stack]<UL><LI>Max Depth = 56<LI>Call Chain = _scanf_int
</UL>
<BR>[Calls]<UL><LI><a href="#[ac]">&gt;&gt;</a>&nbsp;&nbsp;&nbsp;_chval
</UL>
<BR>[Called By]<UL><LI><a href="#[b8]">&gt;&gt;</a>&nbsp;&nbsp;&nbsp;__vfscanf
</UL>

<P><STRONG><a name="[ae]"></a>__aeabi_dadd</STRONG> (Thumb, 322 bytes, Stack size 48 bytes, dadd.o(.text), UNUSED)
<BR><BR>[Calls]<UL><LI><a href="#[af]">&gt;&gt;</a>&nbsp;&nbsp;&nbsp;__aeabi_lasr
<LI><a href="#[a5]">&gt;&gt;</a>&nbsp;&nbsp;&nbsp;__aeabi_llsl
<LI><a href="#[b1]">&gt;&gt;</a>&nbsp;&nbsp;&nbsp;_double_round
<LI><a href="#[b0]">&gt;&gt;</a>&nbsp;&nbsp;&nbsp;_double_epilogue
</UL>
<BR>[Called By]<UL><LI><a href="#[31a]">&gt;&gt;</a>&nbsp;&nbsp;&nbsp;_fp_digits
<LI><a href="#[b2]">&gt;&gt;</a>&nbsp;&nbsp;&nbsp;__aeabi_dsub
<LI><a href="#[b3]">&gt;&gt;</a>&nbsp;&nbsp;&nbsp;__aeabi_drsub
</UL>

<P><STRONG><a name="[b2]"></a>__aeabi_dsub</STRONG> (Thumb, 6 bytes, Stack size 0 bytes, dadd.o(.text), UNUSED)
<BR><BR>[Calls]<UL><LI><a href="#[ae]">&gt;&gt;</a>&nbsp;&nbsp;&nbsp;__aeabi_dadd
</UL>

<P><STRONG><a name="[b3]"></a>__aeabi_drsub</STRONG> (Thumb, 6 bytes, Stack size 0 bytes, dadd.o(.text), UNUSED)
<BR><BR>[Calls]<UL><LI><a href="#[ae]">&gt;&gt;</a>&nbsp;&nbsp;&nbsp;__aeabi_dadd
</UL>

<P><STRONG><a name="[b4]"></a>__aeabi_dmul</STRONG> (Thumb, 228 bytes, Stack size 48 bytes, dmul.o(.text))
<BR><BR>[Stack]<UL><LI>Max Depth = 88<LI>Call Chain = __aeabi_dmul &rArr; _double_epilogue &rArr; _double_round
</UL>
<BR>[Calls]<UL><LI><a href="#[b0]">&gt;&gt;</a>&nbsp;&nbsp;&nbsp;_double_epilogue
</UL>
<BR>[Called By]<UL><LI><a href="#[26b]">&gt;&gt;</a>&nbsp;&nbsp;&nbsp;autodetect_TC_fps
<LI><a href="#[31a]">&gt;&gt;</a>&nbsp;&nbsp;&nbsp;_fp_digits
</UL>

<P><STRONG><a name="[b5]"></a>__aeabi_ul2f</STRONG> (Thumb, 28 bytes, Stack size 8 bytes, ffltul.o(.text))
<BR><BR>[Stack]<UL><LI>Max Depth = 12<LI>Call Chain = __aeabi_ul2f &rArr; _float_epilogue
</UL>
<BR>[Calls]<UL><LI><a href="#[b6]">&gt;&gt;</a>&nbsp;&nbsp;&nbsp;_float_epilogue
</UL>
<BR>[Called By]<UL><LI><a href="#[c8]">&gt;&gt;</a>&nbsp;&nbsp;&nbsp;wave_player_current_miliseconds_get
</UL>

<P><STRONG><a name="[b7]"></a>__aeabi_ui2d</STRONG> (Thumb, 26 bytes, Stack size 16 bytes, dfltui.o(.text))
<BR><BR>[Stack]<UL><LI>Max Depth = 56<LI>Call Chain = __aeabi_ui2d &rArr; _double_epilogue &rArr; _double_round
</UL>
<BR>[Calls]<UL><LI><a href="#[b0]">&gt;&gt;</a>&nbsp;&nbsp;&nbsp;_double_epilogue
</UL>
<BR>[Called By]<UL><LI><a href="#[26b]">&gt;&gt;</a>&nbsp;&nbsp;&nbsp;autodetect_TC_fps
</UL>

<P><STRONG><a name="[31b]"></a>__aeabi_cdrcmple</STRONG> (Thumb, 48 bytes, Stack size 0 bytes, cdrcmple.o(.text))
<BR><BR>[Called By]<UL><LI><a href="#[26b]">&gt;&gt;</a>&nbsp;&nbsp;&nbsp;autodetect_TC_fps
<LI><a href="#[31a]">&gt;&gt;</a>&nbsp;&nbsp;&nbsp;_fp_digits
</UL>

<P><STRONG><a name="[421]"></a>__aeabi_uidiv</STRONG> (Thumb, 0 bytes, Stack size 12 bytes, uidiv.o(.text), UNUSED)

<P><STRONG><a name="[31e]"></a>__aeabi_uidivmod</STRONG> (Thumb, 44 bytes, Stack size 12 bytes, uidiv.o(.text), UNUSED)
<BR><BR>[Called By]<UL><LI><a href="#[318]">&gt;&gt;</a>&nbsp;&nbsp;&nbsp;_printf_core
</UL>

<P><STRONG><a name="[a5]"></a>__aeabi_llsl</STRONG> (Thumb, 30 bytes, Stack size 0 bytes, llshl.o(.text))
<BR><BR>[Called By]<UL><LI><a href="#[ae]">&gt;&gt;</a>&nbsp;&nbsp;&nbsp;__aeabi_dadd
<LI><a href="#[b0]">&gt;&gt;</a>&nbsp;&nbsp;&nbsp;_double_epilogue
<LI><a href="#[ba]">&gt;&gt;</a>&nbsp;&nbsp;&nbsp;__aeabi_d2ulz
<LI><a href="#[a3]">&gt;&gt;</a>&nbsp;&nbsp;&nbsp;__aeabi_uldivmod
</UL>

<P><STRONG><a name="[422]"></a>_ll_shift_l</STRONG> (Thumb, 0 bytes, Stack size 0 bytes, llshl.o(.text), UNUSED)

<P><STRONG><a name="[a4]"></a>__aeabi_llsr</STRONG> (Thumb, 32 bytes, Stack size 0 bytes, llushr.o(.text))
<BR><BR>[Called By]<UL><LI><a href="#[b0]">&gt;&gt;</a>&nbsp;&nbsp;&nbsp;_double_epilogue
<LI><a href="#[ba]">&gt;&gt;</a>&nbsp;&nbsp;&nbsp;__aeabi_d2ulz
<LI><a href="#[a3]">&gt;&gt;</a>&nbsp;&nbsp;&nbsp;__aeabi_uldivmod
</UL>

<P><STRONG><a name="[423]"></a>_ll_ushift_r</STRONG> (Thumb, 0 bytes, Stack size 0 bytes, llushr.o(.text), UNUSED)

<P><STRONG><a name="[af]"></a>__aeabi_lasr</STRONG> (Thumb, 36 bytes, Stack size 0 bytes, llsshr.o(.text), UNUSED)
<BR><BR>[Called By]<UL><LI><a href="#[ae]">&gt;&gt;</a>&nbsp;&nbsp;&nbsp;__aeabi_dadd
</UL>

<P><STRONG><a name="[424]"></a>_ll_sshift_r</STRONG> (Thumb, 0 bytes, Stack size 0 bytes, llsshr.o(.text), UNUSED)

<P><STRONG><a name="[ac]"></a>_chval</STRONG> (Thumb, 28 bytes, Stack size 0 bytes, _chval.o(.text))
<BR><BR>[Called By]<UL><LI><a href="#[ad]">&gt;&gt;</a>&nbsp;&nbsp;&nbsp;_scanf_int
<LI><a href="#[ab]">&gt;&gt;</a>&nbsp;&nbsp;&nbsp;_scanf_longlong
</UL>

<P><STRONG><a name="[aa]"></a>__vfscanf_char</STRONG> (Thumb, 20 bytes, Stack size 0 bytes, scanf_char.o(.text))
<BR><BR>[Stack]<UL><LI>Max Depth = 144<LI>Call Chain = __vfscanf_char &rArr; __vfscanf &rArr; _scanf_int
</UL>
<BR>[Calls]<UL><LI><a href="#[b8]">&gt;&gt;</a>&nbsp;&nbsp;&nbsp;__vfscanf
</UL>
<BR>[Called By]<UL><LI><a href="#[a9]">&gt;&gt;</a>&nbsp;&nbsp;&nbsp;__0sscanf
</UL>

<P><STRONG><a name="[65]"></a>_sgetc</STRONG> (Thumb, 30 bytes, Stack size 0 bytes, _sgetc.o(.text))
<BR>[Address Reference Count : 1]<UL><LI> __0sscanf.o(.text)
</UL>
<P><STRONG><a name="[66]"></a>_sbackspace</STRONG> (Thumb, 34 bytes, Stack size 0 bytes, _sgetc.o(.text))
<BR>[Address Reference Count : 1]<UL><LI> __0sscanf.o(.text)
</UL>
<P><STRONG><a name="[425]"></a>__I$use$fp</STRONG> (Thumb, 0 bytes, Stack size 0 bytes, iusefp.o(.text), UNUSED)

<P><STRONG><a name="[426]"></a>_float_round</STRONG> (Thumb, 18 bytes, Stack size 0 bytes, fepilogue.o(.text), UNUSED)

<P><STRONG><a name="[b6]"></a>_float_epilogue</STRONG> (Thumb, 92 bytes, Stack size 4 bytes, fepilogue.o(.text))
<BR><BR>[Stack]<UL><LI>Max Depth = 4<LI>Call Chain = _float_epilogue
</UL>
<BR>[Called By]<UL><LI><a href="#[b5]">&gt;&gt;</a>&nbsp;&nbsp;&nbsp;__aeabi_ul2f
</UL>

<P><STRONG><a name="[b1]"></a>_double_round</STRONG> (Thumb, 30 bytes, Stack size 8 bytes, depilogue.o(.text))
<BR><BR>[Stack]<UL><LI>Max Depth = 8<LI>Call Chain = _double_round
</UL>
<BR>[Called By]<UL><LI><a href="#[ae]">&gt;&gt;</a>&nbsp;&nbsp;&nbsp;__aeabi_dadd
<LI><a href="#[b0]">&gt;&gt;</a>&nbsp;&nbsp;&nbsp;_double_epilogue
<LI><a href="#[b9]">&gt;&gt;</a>&nbsp;&nbsp;&nbsp;__aeabi_ddiv
</UL>

<P><STRONG><a name="[b0]"></a>_double_epilogue</STRONG> (Thumb, 156 bytes, Stack size 32 bytes, depilogue.o(.text))
<BR><BR>[Stack]<UL><LI>Max Depth = 40<LI>Call Chain = _double_epilogue &rArr; _double_round
</UL>
<BR>[Calls]<UL><LI><a href="#[a4]">&gt;&gt;</a>&nbsp;&nbsp;&nbsp;__aeabi_llsr
<LI><a href="#[a5]">&gt;&gt;</a>&nbsp;&nbsp;&nbsp;__aeabi_llsl
<LI><a href="#[b1]">&gt;&gt;</a>&nbsp;&nbsp;&nbsp;_double_round
</UL>
<BR>[Called By]<UL><LI><a href="#[ae]">&gt;&gt;</a>&nbsp;&nbsp;&nbsp;__aeabi_dadd
<LI><a href="#[b7]">&gt;&gt;</a>&nbsp;&nbsp;&nbsp;__aeabi_ui2d
<LI><a href="#[b4]">&gt;&gt;</a>&nbsp;&nbsp;&nbsp;__aeabi_dmul
</UL>

<P><STRONG><a name="[b9]"></a>__aeabi_ddiv</STRONG> (Thumb, 222 bytes, Stack size 32 bytes, ddiv.o(.text), UNUSED)
<BR><BR>[Calls]<UL><LI><a href="#[b1]">&gt;&gt;</a>&nbsp;&nbsp;&nbsp;_double_round
</UL>
<BR>[Called By]<UL><LI><a href="#[31a]">&gt;&gt;</a>&nbsp;&nbsp;&nbsp;_fp_digits
</UL>

<P><STRONG><a name="[ba]"></a>__aeabi_d2ulz</STRONG> (Thumb, 48 bytes, Stack size 0 bytes, dfixul.o(.text), UNUSED)
<BR><BR>[Calls]<UL><LI><a href="#[a4]">&gt;&gt;</a>&nbsp;&nbsp;&nbsp;__aeabi_llsr
<LI><a href="#[a5]">&gt;&gt;</a>&nbsp;&nbsp;&nbsp;__aeabi_llsl
</UL>
<BR>[Called By]<UL><LI><a href="#[31a]">&gt;&gt;</a>&nbsp;&nbsp;&nbsp;_fp_digits
</UL>

<P><STRONG><a name="[a2]"></a>__scatterload</STRONG> (Thumb, 28 bytes, Stack size 0 bytes, init.o(.text))
<BR><BR>[Calls]<UL><LI><a href="#[bb]">&gt;&gt;</a>&nbsp;&nbsp;&nbsp;__main_after_scatterload
</UL>
<BR>[Called By]<UL><LI><a href="#[a1]">&gt;&gt;</a>&nbsp;&nbsp;&nbsp;_main_scatterload
</UL>

<P><STRONG><a name="[427]"></a>__scatterload_rt2</STRONG> (Thumb, 0 bytes, Stack size 0 bytes, init.o(.text), UNUSED)

<P><STRONG><a name="[bc]"></a>__rt_ctype_table</STRONG> (Thumb, 4 bytes, Stack size 0 bytes, ctype_o.o(.text))
<BR><BR>[Called By]<UL><LI><a href="#[68]">&gt;&gt;</a>&nbsp;&nbsp;&nbsp;isspace
</UL>

<P><STRONG><a name="[68]"></a>isspace</STRONG> (Thumb, 18 bytes, Stack size 8 bytes, isspace_o.o(.text))
<BR><BR>[Stack]<UL><LI>Max Depth = 8<LI>Call Chain = isspace
</UL>
<BR>[Calls]<UL><LI><a href="#[bc]">&gt;&gt;</a>&nbsp;&nbsp;&nbsp;__rt_ctype_table
</UL>
<BR>[Address Reference Count : 1]<UL><LI> scanf_char.o(.text)
</UL>
<P><STRONG><a name="[b8]"></a>__vfscanf</STRONG> (Thumb, 810 bytes, Stack size 88 bytes, _scanf.o(.text))
<BR><BR>[Stack]<UL><LI>Max Depth = 144<LI>Call Chain = __vfscanf &rArr; _scanf_int
</UL>
<BR>[Calls]<UL><LI><a href="#[ad]">&gt;&gt;</a>&nbsp;&nbsp;&nbsp;_scanf_int
<LI><a href="#[ab]">&gt;&gt;</a>&nbsp;&nbsp;&nbsp;_scanf_longlong
</UL>
<BR>[Called By]<UL><LI><a href="#[aa]">&gt;&gt;</a>&nbsp;&nbsp;&nbsp;__vfscanf_char
</UL>

<P><STRONG><a name="[428]"></a>__decompress</STRONG> (Thumb, 0 bytes, Stack size unknown bytes, __dczerorl2.o(.text), UNUSED)

<P><STRONG><a name="[429]"></a>__decompress1</STRONG> (Thumb, 86 bytes, Stack size unknown bytes, __dczerorl2.o(.text), UNUSED)

<P><STRONG><a name="[bd]"></a>ADC_Task</STRONG> (Thumb, 48 bytes, Stack size 8 bytes, adc.o(i.ADC_Task))
<BR><BR>[Stack]<UL><LI>Max Depth = 152<LI>Call Chain = ADC_Task &rArr; readAdcA &rArr; HAL_SPI_TransmitReceive &rArr; SPI_EndRxTxTransaction &rArr; SPI_WaitFlagStateUntilTimeout
</UL>
<BR>[Calls]<UL><LI><a href="#[be]">&gt;&gt;</a>&nbsp;&nbsp;&nbsp;readAdcA
</UL>
<BR>[Called By]<UL><LI><a href="#[363]">&gt;&gt;</a>&nbsp;&nbsp;&nbsp;do_ADC_Tasks
</UL>

<P><STRONG><a name="[3c6]"></a>ADC_refresh</STRONG> (Thumb, 32 bytes, Stack size 0 bytes, adc.o(i.ADC_refresh))
<BR><BR>[Called By]<UL><LI><a href="#[be]">&gt;&gt;</a>&nbsp;&nbsp;&nbsp;readAdcA
</UL>

<P><STRONG><a name="[bf]"></a>AP_Switch_ID</STRONG> (Thumb, 56 bytes, Stack size 8 bytes, waveplayer.o(i.AP_Switch_ID))
<BR><BR>[Stack]<UL><LI>Max Depth = 8<LI>Call Chain = AP_Switch_ID
</UL>
<BR>[Calls]<UL><LI><a href="#[c1]">&gt;&gt;</a>&nbsp;&nbsp;&nbsp;get_is_internal_drive
<LI><a href="#[c0]">&gt;&gt;</a>&nbsp;&nbsp;&nbsp;set_curent_pos
</UL>
<BR>[Called By]<UL><LI><a href="#[3b3]">&gt;&gt;</a>&nbsp;&nbsp;&nbsp;player_app
</UL>

<P><STRONG><a name="[c2]"></a>AP_Switch_UD</STRONG> (Thumb, 58 bytes, Stack size 8 bytes, waveplayer.o(i.AP_Switch_UD))
<BR><BR>[Stack]<UL><LI>Max Depth = 8<LI>Call Chain = AP_Switch_UD
</UL>
<BR>[Calls]<UL><LI><a href="#[c1]">&gt;&gt;</a>&nbsp;&nbsp;&nbsp;get_is_internal_drive
<LI><a href="#[c0]">&gt;&gt;</a>&nbsp;&nbsp;&nbsp;set_curent_pos
</UL>
<BR>[Called By]<UL><LI><a href="#[2e3]">&gt;&gt;</a>&nbsp;&nbsp;&nbsp;USBH_Process
</UL>

<P><STRONG><a name="[85]"></a>Audio_Pause</STRONG> (Thumb, 10 bytes, Stack size 8 bytes, device.o(i.Audio_Pause))
<BR><BR>[Stack]<UL><LI>Max Depth = 8<LI>Call Chain = Audio_Pause
</UL>
<BR>[Calls]<UL><LI><a href="#[c3]">&gt;&gt;</a>&nbsp;&nbsp;&nbsp;wave_player_pause_resume_set
</UL>
<BR>[Address Reference Count : 1]<UL><LI> system1data.o(.constdata)
</UL>
<P><STRONG><a name="[86]"></a>Audio_Play_Pause_Idle</STRONG> (Thumb, 48 bytes, Stack size 8 bytes, device.o(i.Audio_Play_Pause_Idle))
<BR><BR>[Stack]<UL><LI>Max Depth = 24<LI>Call Chain = Audio_Play_Pause_Idle &rArr; WavePlayerPauseResume &rArr; BSP_AUDIO_OUT_Resume
</UL>
<BR>[Calls]<UL><LI><a href="#[c5]">&gt;&gt;</a>&nbsp;&nbsp;&nbsp;wave_player_state_set
<LI><a href="#[c4]">&gt;&gt;</a>&nbsp;&nbsp;&nbsp;WavePlayerPauseResume
</UL>
<BR>[Called By]<UL><LI><a href="#[388]">&gt;&gt;</a>&nbsp;&nbsp;&nbsp;getMSEvent
<LI><a href="#[38e]">&gt;&gt;</a>&nbsp;&nbsp;&nbsp;getMS_433_Event
</UL>
<BR>[Address Reference Count : 1]<UL><LI> system1data.o(.constdata)
</UL>
<P><STRONG><a name="[87]"></a>Audio_Play_Resume</STRONG> (Thumb, 34 bytes, Stack size 8 bytes, device.o(i.Audio_Play_Resume))
<BR><BR>[Stack]<UL><LI>Max Depth = 16<LI>Call Chain = Audio_Play_Resume &rArr; wave_player_state_set
</UL>
<BR>[Calls]<UL><LI><a href="#[c5]">&gt;&gt;</a>&nbsp;&nbsp;&nbsp;wave_player_state_set
<LI><a href="#[c3]">&gt;&gt;</a>&nbsp;&nbsp;&nbsp;wave_player_pause_resume_set
</UL>
<BR>[Address Reference Count : 1]<UL><LI> system1data.o(.constdata)
</UL>
<P><STRONG><a name="[c6]"></a>Audio_Player_Start_Test</STRONG> (Thumb, 254 bytes, Stack size 8 bytes, systemtimer.o(i.Audio_Player_Start_Test))
<BR><BR>[Stack]<UL><LI>Max Depth = 1744<LI>Call Chain = Audio_Player_Start_Test &rArr; Test_SD_File &rArr; f_open &rArr; dir_register &rArr; dir_find &rArr; dir_read &rArr; load_xdir &rArr; dir_next &rArr; create_chain &rArr; fill_last_frag &rArr; put_fat &rArr; move_window &rArr; sync_window &rArr; disk_write
</UL>
<BR>[Calls]<UL><LI><a href="#[c5]">&gt;&gt;</a>&nbsp;&nbsp;&nbsp;wave_player_state_set
<LI><a href="#[c8]">&gt;&gt;</a>&nbsp;&nbsp;&nbsp;wave_player_current_miliseconds_get
<LI><a href="#[ca]">&gt;&gt;</a>&nbsp;&nbsp;&nbsp;rst_player
<LI><a href="#[c9]">&gt;&gt;</a>&nbsp;&nbsp;&nbsp;WavePlayerStop
<LI><a href="#[c4]">&gt;&gt;</a>&nbsp;&nbsp;&nbsp;WavePlayerPauseResume
<LI><a href="#[c7]">&gt;&gt;</a>&nbsp;&nbsp;&nbsp;wave_player_volume_set
<LI><a href="#[cb]">&gt;&gt;</a>&nbsp;&nbsp;&nbsp;Test_USB_File
<LI><a href="#[cc]">&gt;&gt;</a>&nbsp;&nbsp;&nbsp;Test_SD_File
</UL>
<BR>[Called By]<UL><LI><a href="#[3b8]">&gt;&gt;</a>&nbsp;&nbsp;&nbsp;updateTimers
</UL>

<P><STRONG><a name="[88]"></a>Audio_Stop</STRONG> (Thumb, 14 bytes, Stack size 8 bytes, device.o(i.Audio_Stop))
<BR><BR>[Stack]<UL><LI>Max Depth = 56<LI>Call Chain = Audio_Stop &rArr; WavePlayerStop &rArr; BSP_AUDIO_OUT_Stop &rArr; HAL_I2S_DMAStop &rArr; HAL_DMA_Abort
</UL>
<BR>[Calls]<UL><LI><a href="#[c9]">&gt;&gt;</a>&nbsp;&nbsp;&nbsp;WavePlayerStop
</UL>
<BR>[Called By]<UL><LI><a href="#[388]">&gt;&gt;</a>&nbsp;&nbsp;&nbsp;getMSEvent
<LI><a href="#[38e]">&gt;&gt;</a>&nbsp;&nbsp;&nbsp;getMS_433_Event
</UL>
<BR>[Address Reference Count : 1]<UL><LI> system1data.o(.constdata)
</UL>
<P><STRONG><a name="[cd]"></a>BSP_AUDIO_OUT_ChangeBuffer</STRONG> (Thumb, 18 bytes, Stack size 16 bytes, stm32f4_discovery_audio.o(i.BSP_AUDIO_OUT_ChangeBuffer))
<BR><BR>[Stack]<UL><LI>Max Depth = 84<LI>Call Chain = BSP_AUDIO_OUT_ChangeBuffer &rArr; HAL_I2S_Transmit_DMA &rArr; HAL_DMA_Start_IT &rArr; DMA_SetConfig
</UL>
<BR>[Calls]<UL><LI><a href="#[ce]">&gt;&gt;</a>&nbsp;&nbsp;&nbsp;HAL_I2S_Transmit_DMA
</UL>
<BR>[Called By]<UL><LI><a href="#[e4]">&gt;&gt;</a>&nbsp;&nbsp;&nbsp;BSP_AUDIO_OUT_TransferComplete_CallBack
</UL>

<P><STRONG><a name="[cf]"></a>BSP_AUDIO_OUT_ClockConfig</STRONG> (Thumb, 108 bytes, Stack size 72 bytes, stm32f4_discovery_audio.o(i.BSP_AUDIO_OUT_ClockConfig))
<BR><BR>[Stack]<UL><LI>Max Depth = 96<LI>Call Chain = BSP_AUDIO_OUT_ClockConfig &rArr; HAL_RCCEx_PeriphCLKConfig
</UL>
<BR>[Calls]<UL><LI><a href="#[d1]">&gt;&gt;</a>&nbsp;&nbsp;&nbsp;HAL_RCCEx_PeriphCLKConfig
<LI><a href="#[d0]">&gt;&gt;</a>&nbsp;&nbsp;&nbsp;HAL_RCCEx_GetPeriphCLKConfig
</UL>
<BR>[Called By]<UL><LI><a href="#[d4]">&gt;&gt;</a>&nbsp;&nbsp;&nbsp;BSP_AUDIO_OUT_Init
</UL>

<P><STRONG><a name="[d2]"></a>BSP_AUDIO_OUT_Error_CallBack</STRONG> (Thumb, 8 bytes, Stack size 8 bytes, waveplayer.o(i.BSP_AUDIO_OUT_Error_CallBack))
<BR><BR>[Stack]<UL><LI>Max Depth = 8<LI>Call Chain = BSP_AUDIO_OUT_Error_CallBack
</UL>
<BR>[Calls]<UL><LI><a href="#[d3]">&gt;&gt;</a>&nbsp;&nbsp;&nbsp;Error_Handler
</UL>
<BR>[Called By]<UL><LI><a href="#[176]">&gt;&gt;</a>&nbsp;&nbsp;&nbsp;HAL_I2S_ErrorCallback
</UL>

<P><STRONG><a name="[180]"></a>BSP_AUDIO_OUT_HalfTransfer_CallBack</STRONG> (Thumb, 8 bytes, Stack size 0 bytes, waveplayer.o(i.BSP_AUDIO_OUT_HalfTransfer_CallBack))
<BR><BR>[Called By]<UL><LI><a href="#[17f]">&gt;&gt;</a>&nbsp;&nbsp;&nbsp;HAL_I2S_TxHalfCpltCallback
</UL>

<P><STRONG><a name="[d4]"></a>BSP_AUDIO_OUT_Init</STRONG> (Thumb, 62 bytes, Stack size 24 bytes, stm32f4_discovery_audio.o(i.BSP_AUDIO_OUT_Init))
<BR><BR>[Stack]<UL><LI>Max Depth = 120<LI>Call Chain = BSP_AUDIO_OUT_Init &rArr; BSP_AUDIO_OUT_ClockConfig &rArr; HAL_RCCEx_PeriphCLKConfig
</UL>
<BR>[Calls]<UL><LI><a href="#[d6]">&gt;&gt;</a>&nbsp;&nbsp;&nbsp;BSP_AUDIO_OUT_MspInit
<LI><a href="#[cf]">&gt;&gt;</a>&nbsp;&nbsp;&nbsp;BSP_AUDIO_OUT_ClockConfig
<LI><a href="#[d5]">&gt;&gt;</a>&nbsp;&nbsp;&nbsp;HAL_I2S_GetState
<LI><a href="#[d7]">&gt;&gt;</a>&nbsp;&nbsp;&nbsp;I2S3_Init
</UL>
<BR>[Called By]<UL><LI><a href="#[30e]">&gt;&gt;</a>&nbsp;&nbsp;&nbsp;WavePlayerInit
</UL>

<P><STRONG><a name="[d6]"></a>BSP_AUDIO_OUT_MspInit</STRONG> (Thumb, 342 bytes, Stack size 40 bytes, stm32f4_discovery_audio.o(i.BSP_AUDIO_OUT_MspInit))
<BR><BR>[Stack]<UL><LI>Max Depth = 88<LI>Call Chain = BSP_AUDIO_OUT_MspInit &rArr; HAL_NVIC_SetPriority &rArr; __NVIC_SetPriority
</UL>
<BR>[Calls]<UL><LI><a href="#[db]">&gt;&gt;</a>&nbsp;&nbsp;&nbsp;HAL_NVIC_SetPriority
<LI><a href="#[dc]">&gt;&gt;</a>&nbsp;&nbsp;&nbsp;HAL_NVIC_EnableIRQ
<LI><a href="#[da]">&gt;&gt;</a>&nbsp;&nbsp;&nbsp;HAL_DMA_Init
<LI><a href="#[d9]">&gt;&gt;</a>&nbsp;&nbsp;&nbsp;HAL_DMA_DeInit
<LI><a href="#[d8]">&gt;&gt;</a>&nbsp;&nbsp;&nbsp;HAL_GPIO_Init
</UL>
<BR>[Called By]<UL><LI><a href="#[d4]">&gt;&gt;</a>&nbsp;&nbsp;&nbsp;BSP_AUDIO_OUT_Init
</UL>

<P><STRONG><a name="[dd]"></a>BSP_AUDIO_OUT_Pause</STRONG> (Thumb, 12 bytes, Stack size 8 bytes, stm32f4_discovery_audio.o(i.BSP_AUDIO_OUT_Pause))
<BR><BR>[Stack]<UL><LI>Max Depth = 8<LI>Call Chain = BSP_AUDIO_OUT_Pause
</UL>
<BR>[Calls]<UL><LI><a href="#[de]">&gt;&gt;</a>&nbsp;&nbsp;&nbsp;HAL_I2S_DMAPause
</UL>
<BR>[Called By]<UL><LI><a href="#[c4]">&gt;&gt;</a>&nbsp;&nbsp;&nbsp;WavePlayerPauseResume
</UL>

<P><STRONG><a name="[df]"></a>BSP_AUDIO_OUT_Play</STRONG> (Thumb, 38 bytes, Stack size 16 bytes, stm32f4_discovery_audio.o(i.BSP_AUDIO_OUT_Play))
<BR><BR>[Stack]<UL><LI>Max Depth = 84<LI>Call Chain = BSP_AUDIO_OUT_Play &rArr; HAL_I2S_Transmit_DMA &rArr; HAL_DMA_Start_IT &rArr; DMA_SetConfig
</UL>
<BR>[Calls]<UL><LI><a href="#[ce]">&gt;&gt;</a>&nbsp;&nbsp;&nbsp;HAL_I2S_Transmit_DMA
</UL>
<BR>[Called By]<UL><LI><a href="#[3c2]">&gt;&gt;</a>&nbsp;&nbsp;&nbsp;wave_player_process
</UL>

<P><STRONG><a name="[e0]"></a>BSP_AUDIO_OUT_Resume</STRONG> (Thumb, 12 bytes, Stack size 8 bytes, stm32f4_discovery_audio.o(i.BSP_AUDIO_OUT_Resume))
<BR><BR>[Stack]<UL><LI>Max Depth = 8<LI>Call Chain = BSP_AUDIO_OUT_Resume
</UL>
<BR>[Calls]<UL><LI><a href="#[e1]">&gt;&gt;</a>&nbsp;&nbsp;&nbsp;HAL_I2S_DMAResume
</UL>
<BR>[Called By]<UL><LI><a href="#[c4]">&gt;&gt;</a>&nbsp;&nbsp;&nbsp;WavePlayerPauseResume
</UL>

<P><STRONG><a name="[e2]"></a>BSP_AUDIO_OUT_Stop</STRONG> (Thumb, 12 bytes, Stack size 8 bytes, stm32f4_discovery_audio.o(i.BSP_AUDIO_OUT_Stop))
<BR><BR>[Stack]<UL><LI>Max Depth = 40<LI>Call Chain = BSP_AUDIO_OUT_Stop &rArr; HAL_I2S_DMAStop &rArr; HAL_DMA_Abort
</UL>
<BR>[Calls]<UL><LI><a href="#[e3]">&gt;&gt;</a>&nbsp;&nbsp;&nbsp;HAL_I2S_DMAStop
</UL>
<BR>[Called By]<UL><LI><a href="#[c9]">&gt;&gt;</a>&nbsp;&nbsp;&nbsp;WavePlayerStop
</UL>

<P><STRONG><a name="[e4]"></a>BSP_AUDIO_OUT_TransferComplete_CallBack</STRONG> (Thumb, 24 bytes, Stack size 8 bytes, waveplayer.o(i.BSP_AUDIO_OUT_TransferComplete_CallBack))
<BR><BR>[Stack]<UL><LI>Max Depth = 92<LI>Call Chain = BSP_AUDIO_OUT_TransferComplete_CallBack &rArr; BSP_AUDIO_OUT_ChangeBuffer &rArr; HAL_I2S_Transmit_DMA &rArr; HAL_DMA_Start_IT &rArr; DMA_SetConfig
</UL>
<BR>[Calls]<UL><LI><a href="#[cd]">&gt;&gt;</a>&nbsp;&nbsp;&nbsp;BSP_AUDIO_OUT_ChangeBuffer
</UL>
<BR>[Called By]<UL><LI><a href="#[17e]">&gt;&gt;</a>&nbsp;&nbsp;&nbsp;HAL_I2S_TxCpltCallback
</UL>

<P><STRONG><a name="[413]"></a>BSP_LED_Off</STRONG> (Thumb, 2 bytes, Stack size 0 bytes, stm32f4_discovery.o(i.BSP_LED_Off))
<BR><BR>[Called By]<UL><LI><a href="#[3c2]">&gt;&gt;</a>&nbsp;&nbsp;&nbsp;wave_player_process
</UL>

<P><STRONG><a name="[412]"></a>BSP_LED_On</STRONG> (Thumb, 2 bytes, Stack size 0 bytes, stm32f4_discovery.o(i.BSP_LED_On))
<BR><BR>[Called By]<UL><LI><a href="#[3c2]">&gt;&gt;</a>&nbsp;&nbsp;&nbsp;wave_player_process
</UL>

<P><STRONG><a name="[19a]"></a>BSP_SD_AbortCallback</STRONG> (Thumb, 2 bytes, Stack size 0 bytes, stm32f4_discovery_sd.o(i.BSP_SD_AbortCallback))
<BR><BR>[Called By]<UL><LI><a href="#[199]">&gt;&gt;</a>&nbsp;&nbsp;&nbsp;HAL_SD_AbortCallback
</UL>

<P><STRONG><a name="[e5]"></a>BSP_SD_Detect_MspInit</STRONG> (Thumb, 36 bytes, Stack size 32 bytes, stm32f4_discovery_sd.o(i.BSP_SD_Detect_MspInit))
<BR><BR>[Stack]<UL><LI>Max Depth = 56<LI>Call Chain = BSP_SD_Detect_MspInit &rArr; HAL_GPIO_Init
</UL>
<BR>[Calls]<UL><LI><a href="#[d8]">&gt;&gt;</a>&nbsp;&nbsp;&nbsp;HAL_GPIO_Init
</UL>
<BR>[Called By]<UL><LI><a href="#[ea]">&gt;&gt;</a>&nbsp;&nbsp;&nbsp;BSP_SD_Init
</UL>

<P><STRONG><a name="[e6]"></a>BSP_SD_GetCardInfo</STRONG> (Thumb, 14 bytes, Stack size 8 bytes, stm32f4_discovery_sd.o(i.BSP_SD_GetCardInfo))
<BR><BR>[Stack]<UL><LI>Max Depth = 8<LI>Call Chain = BSP_SD_GetCardInfo
</UL>
<BR>[Calls]<UL><LI><a href="#[e7]">&gt;&gt;</a>&nbsp;&nbsp;&nbsp;HAL_SD_GetCardInfo
</UL>
<BR>[Called By]<UL><LI><a href="#[84]">&gt;&gt;</a>&nbsp;&nbsp;&nbsp;SD_ioctl
</UL>

<P><STRONG><a name="[e8]"></a>BSP_SD_GetCardState</STRONG> (Thumb, 20 bytes, Stack size 8 bytes, stm32f4_discovery_sd.o(i.BSP_SD_GetCardState))
<BR><BR>[Stack]<UL><LI>Max Depth = 120<LI>Call Chain = BSP_SD_GetCardState &rArr; HAL_SD_GetCardState &rArr; SD_SendStatus &rArr; SDMMC_CmdSendStatus &rArr; SDMMC_GetCmdResp1 &rArr; SDIO_GetResponse
</UL>
<BR>[Calls]<UL><LI><a href="#[e9]">&gt;&gt;</a>&nbsp;&nbsp;&nbsp;HAL_SD_GetCardState
</UL>
<BR>[Called By]<UL><LI><a href="#[261]">&gt;&gt;</a>&nbsp;&nbsp;&nbsp;SD_CheckStatus
</UL>

<P><STRONG><a name="[ea]"></a>BSP_SD_Init</STRONG> (Thumb, 90 bytes, Stack size 8 bytes, stm32f4_discovery_sd.o(i.BSP_SD_Init))
<BR><BR>[Stack]<UL><LI>Max Depth = 216<LI>Call Chain = BSP_SD_Init &rArr; HAL_SD_ConfigWideBusOperation &rArr; SD_WideBus_Enable &rArr; SD_FindSCR &rArr; SDMMC_CmdBlockLength &rArr; SDMMC_GetCmdResp1 &rArr; SDIO_GetResponse
</UL>
<BR>[Calls]<UL><LI><a href="#[ec]">&gt;&gt;</a>&nbsp;&nbsp;&nbsp;BSP_SD_MspInit
<LI><a href="#[e5]">&gt;&gt;</a>&nbsp;&nbsp;&nbsp;BSP_SD_Detect_MspInit
<LI><a href="#[ed]">&gt;&gt;</a>&nbsp;&nbsp;&nbsp;HAL_SD_Init
<LI><a href="#[ee]">&gt;&gt;</a>&nbsp;&nbsp;&nbsp;HAL_SD_ConfigWideBusOperation
<LI><a href="#[eb]">&gt;&gt;</a>&nbsp;&nbsp;&nbsp;BSP_SD_IsDetected
</UL>
<BR>[Called By]<UL><LI><a href="#[80]">&gt;&gt;</a>&nbsp;&nbsp;&nbsp;SD_initialize
</UL>

<P><STRONG><a name="[eb]"></a>BSP_SD_IsDetected</STRONG> (Thumb, 28 bytes, Stack size 8 bytes, stm32f4_discovery_sd.o(i.BSP_SD_IsDetected))
<BR><BR>[Stack]<UL><LI>Max Depth = 8<LI>Call Chain = BSP_SD_IsDetected
</UL>
<BR>[Calls]<UL><LI><a href="#[ef]">&gt;&gt;</a>&nbsp;&nbsp;&nbsp;HAL_GPIO_ReadPin
</UL>
<BR>[Called By]<UL><LI><a href="#[ea]">&gt;&gt;</a>&nbsp;&nbsp;&nbsp;BSP_SD_Init
</UL>

<P><STRONG><a name="[ec]"></a>BSP_SD_MspInit</STRONG> (Thumb, 420 bytes, Stack size 40 bytes, stm32f4_discovery_sd.o(i.BSP_SD_MspInit))
<BR><BR>[Stack]<UL><LI>Max Depth = 88<LI>Call Chain = BSP_SD_MspInit &rArr; HAL_NVIC_SetPriority &rArr; __NVIC_SetPriority
</UL>
<BR>[Calls]<UL><LI><a href="#[db]">&gt;&gt;</a>&nbsp;&nbsp;&nbsp;HAL_NVIC_SetPriority
<LI><a href="#[dc]">&gt;&gt;</a>&nbsp;&nbsp;&nbsp;HAL_NVIC_EnableIRQ
<LI><a href="#[da]">&gt;&gt;</a>&nbsp;&nbsp;&nbsp;HAL_DMA_Init
<LI><a href="#[d9]">&gt;&gt;</a>&nbsp;&nbsp;&nbsp;HAL_DMA_DeInit
<LI><a href="#[d8]">&gt;&gt;</a>&nbsp;&nbsp;&nbsp;HAL_GPIO_Init
</UL>
<BR>[Called By]<UL><LI><a href="#[ea]">&gt;&gt;</a>&nbsp;&nbsp;&nbsp;BSP_SD_Init
</UL>

<P><STRONG><a name="[f0]"></a>BSP_SD_ReadBlocks_DMA</STRONG> (Thumb, 102 bytes, Stack size 32 bytes, stm32f4_discovery_sd.o(i.BSP_SD_ReadBlocks_DMA))
<BR><BR>[Stack]<UL><LI>Max Depth = 152<LI>Call Chain = BSP_SD_ReadBlocks_DMA &rArr; HAL_SD_ReadBlocks_DMA &rArr; SDMMC_CmdReadSingleBlock &rArr; SDMMC_GetCmdResp1 &rArr; SDIO_GetResponse
</UL>
<BR>[Calls]<UL><LI><a href="#[f1]">&gt;&gt;</a>&nbsp;&nbsp;&nbsp;HAL_SD_ReadBlocks_DMA
<LI><a href="#[f2]">&gt;&gt;</a>&nbsp;&nbsp;&nbsp;HAL_SD_GetState
<LI><a href="#[e9]">&gt;&gt;</a>&nbsp;&nbsp;&nbsp;HAL_SD_GetCardState
</UL>
<BR>[Called By]<UL><LI><a href="#[82]">&gt;&gt;</a>&nbsp;&nbsp;&nbsp;SD_read
</UL>

<P><STRONG><a name="[1b0]"></a>BSP_SD_ReadCpltCallback</STRONG> (Thumb, 2 bytes, Stack size 0 bytes, stm32f4_discovery_sd.o(i.BSP_SD_ReadCpltCallback))
<BR><BR>[Called By]<UL><LI><a href="#[1a2]">&gt;&gt;</a>&nbsp;&nbsp;&nbsp;HAL_SD_RxCpltCallback
</UL>

<P><STRONG><a name="[f3]"></a>BSP_SD_WriteBlocks_DMA</STRONG> (Thumb, 102 bytes, Stack size 32 bytes, stm32f4_discovery_sd.o(i.BSP_SD_WriteBlocks_DMA))
<BR><BR>[Stack]<UL><LI>Max Depth = 152<LI>Call Chain = BSP_SD_WriteBlocks_DMA &rArr; HAL_SD_WriteBlocks_DMA &rArr; SDMMC_CmdWriteSingleBlock &rArr; SDMMC_GetCmdResp1 &rArr; SDIO_GetResponse
</UL>
<BR>[Calls]<UL><LI><a href="#[f4]">&gt;&gt;</a>&nbsp;&nbsp;&nbsp;HAL_SD_WriteBlocks_DMA
<LI><a href="#[f2]">&gt;&gt;</a>&nbsp;&nbsp;&nbsp;HAL_SD_GetState
<LI><a href="#[e9]">&gt;&gt;</a>&nbsp;&nbsp;&nbsp;HAL_SD_GetCardState
</UL>
<BR>[Called By]<UL><LI><a href="#[83]">&gt;&gt;</a>&nbsp;&nbsp;&nbsp;SD_write
</UL>

<P><STRONG><a name="[1b1]"></a>BSP_SD_WriteCpltCallback</STRONG> (Thumb, 2 bytes, Stack size 0 bytes, stm32f4_discovery_sd.o(i.BSP_SD_WriteCpltCallback))
<BR><BR>[Called By]<UL><LI><a href="#[1a3]">&gt;&gt;</a>&nbsp;&nbsp;&nbsp;HAL_SD_TxCpltCallback
</UL>

<P><STRONG><a name="[f5]"></a>Blue_button</STRONG> (Thumb, 386 bytes, Stack size 8 bytes, systemtimer.o(i.Blue_button))
<BR><BR>[Stack]<UL><LI>Max Depth = 144<LI>Call Chain = Blue_button &rArr; timer_saving &rArr; save_time_new &rArr; RTC_Set &rArr; HAL_RTC_SetTime &rArr; RTC_EnterInitMode
</UL>
<BR>[Calls]<UL><LI><a href="#[fb]">&gt;&gt;</a>&nbsp;&nbsp;&nbsp;get_volume
<LI><a href="#[f6]">&gt;&gt;</a>&nbsp;&nbsp;&nbsp;SEQ_AddEvent
<LI><a href="#[f8]">&gt;&gt;</a>&nbsp;&nbsp;&nbsp;timer_saving
<LI><a href="#[f9]">&gt;&gt;</a>&nbsp;&nbsp;&nbsp;timer_Start_saving
<LI><a href="#[fa]">&gt;&gt;</a>&nbsp;&nbsp;&nbsp;go_Back_main
<LI><a href="#[f7]">&gt;&gt;</a>&nbsp;&nbsp;&nbsp;get_menu_item
</UL>
<BR>[Called By]<UL><LI><a href="#[287]">&gt;&gt;</a>&nbsp;&nbsp;&nbsp;SysTimer
</UL>

<P><STRONG><a name="[a]"></a>BusFault_Handler</STRONG> (Thumb, 4 bytes, Stack size 0 bytes, stm32f4xx_it.o(i.BusFault_Handler))
<BR>[Address Reference Count : 1]<UL><LI> startup_stm32f407xx.o(RESET)
</UL>
<P><STRONG><a name="[387]"></a>Calc_Ramp_Step</STRONG> (Thumb, 286 bytes, Stack size 24 bytes, device.o(i.Calc_Ramp_Step))
<BR><BR>[Stack]<UL><LI>Max Depth = 24<LI>Call Chain = Calc_Ramp_Step
</UL>
<BR>[Called By]<UL><LI><a href="#[386]">&gt;&gt;</a>&nbsp;&nbsp;&nbsp;generateDMXTimeMatrixEvent
</UL>

<P><STRONG><a name="[3cd]"></a>CharToHex</STRONG> (Thumb, 170 bytes, Stack size 0 bytes, timecode.o(i.CharToHex))
<BR><BR>[Called By]<UL><LI><a href="#[367]">&gt;&gt;</a>&nbsp;&nbsp;&nbsp;read_gen_FSK_Time
</UL>

<P><STRONG><a name="[3a6]"></a>CheckTimeSpan</STRONG> (Thumb, 20 bytes, Stack size 16 bytes, systemtimer.o(i.CheckTimeSpan))
<BR><BR>[Stack]<UL><LI>Max Depth = 16<LI>Call Chain = CheckTimeSpan
</UL>
<BR>[Called By]<UL><LI><a href="#[103]">&gt;&gt;</a>&nbsp;&nbsp;&nbsp;getWirMessages
</UL>

<P><STRONG><a name="[24c]"></a>ComputeDayOfWeek</STRONG> (Thumb, 82 bytes, Stack size 16 bytes, globalpositioning.o(i.ComputeDayOfWeek))
<BR><BR>[Stack]<UL><LI>Max Depth = 16<LI>Call Chain = ComputeDayOfWeek
</UL>
<BR>[Called By]<UL><LI><a href="#[24b]">&gt;&gt;</a>&nbsp;&nbsp;&nbsp;RTC_Set
</UL>

<P><STRONG><a name="[fe]"></a>Config_Wir</STRONG> (Thumb, 116 bytes, Stack size 16 bytes, wireless.o(i.Config_Wir))
<BR><BR>[Stack]<UL><LI>Max Depth = 456<LI>Call Chain = Config_Wir &rArr; config_PAN_EPAN &rArr; getWirMessages &rArr; parseMessage &rArr; decodeDataMessage &rArr; decodeDeviceAddress &rArr; calculateULongLongIntValue &rArr; __0sscanf &rArr; __vfscanf_char &rArr; __vfscanf &rArr; _scanf_int
</UL>
<BR>[Calls]<UL><LI><a href="#[102]">&gt;&gt;</a>&nbsp;&nbsp;&nbsp;GetCurrentSystemTime
<LI><a href="#[103]">&gt;&gt;</a>&nbsp;&nbsp;&nbsp;getWirMessages
<LI><a href="#[ff]">&gt;&gt;</a>&nbsp;&nbsp;&nbsp;hard_reset_wireless
<LI><a href="#[105]">&gt;&gt;</a>&nbsp;&nbsp;&nbsp;config_basic_wir
<LI><a href="#[104]">&gt;&gt;</a>&nbsp;&nbsp;&nbsp;config_PAN_EPAN
<LI><a href="#[101]">&gt;&gt;</a>&nbsp;&nbsp;&nbsp;sendStringMessageToWireless
<LI><a href="#[100]">&gt;&gt;</a>&nbsp;&nbsp;&nbsp;strlen
</UL>
<BR>[Called By]<UL><LI><a href="#[3b1]">&gt;&gt;</a>&nbsp;&nbsp;&nbsp;settings_display
<LI><a href="#[388]">&gt;&gt;</a>&nbsp;&nbsp;&nbsp;getMSEvent
<LI><a href="#[30f]">&gt;&gt;</a>&nbsp;&nbsp;&nbsp;Wir_learn
</UL>

<P><STRONG><a name="[89]"></a>DELAY_STAT_MSG</STRONG> (Thumb, 10 bytes, Stack size 4 bytes, systemtimer.o(i.DELAY_STAT_MSG))
<BR><BR>[Stack]<UL><LI>Max Depth = 4<LI>Call Chain = DELAY_STAT_MSG
</UL>
<BR>[Calls]<UL><LI><a href="#[106]">&gt;&gt;</a>&nbsp;&nbsp;&nbsp;init_delay_timer
</UL>
<BR>[Address Reference Count : 1]<UL><LI> system1data.o(.constdata)
</UL>
<P><STRONG><a name="[8a]"></a>DISABLE_PWR_BUTTON</STRONG> (Thumb, 16 bytes, Stack size 8 bytes, systemtimer.o(i.DISABLE_PWR_BUTTON))
<BR><BR>[Stack]<UL><LI>Max Depth = 64<LI>Call Chain = DISABLE_PWR_BUTTON &rArr; lock_pwr_button &rArr; HAL_GPIO_Init
</UL>
<BR>[Calls]<UL><LI><a href="#[107]">&gt;&gt;</a>&nbsp;&nbsp;&nbsp;lock_pwr_button
</UL>
<BR>[Address Reference Count : 1]<UL><LI> system1data.o(.constdata)
</UL>
<P><STRONG><a name="[1b]"></a>DMA1_Stream0_IRQHandler</STRONG> (Thumb, 12 bytes, Stack size 0 bytes, uart.o(i.DMA1_Stream0_IRQHandler))
<BR>[Address Reference Count : 1]<UL><LI> startup_stm32f407xx.o(RESET)
</UL>
<P><STRONG><a name="[3f]"></a>DMA1_Stream7_IRQHandler</STRONG> (Thumb, 12 bytes, Stack size 8 bytes, stm32f4xx_it.o(i.DMA1_Stream7_IRQHandler))
<BR><BR>[Stack]<UL><LI>Max Depth = 32<LI>Call Chain = DMA1_Stream7_IRQHandler &rArr; HAL_DMA_IRQHandler
</UL>
<BR>[Calls]<UL><LI><a href="#[108]">&gt;&gt;</a>&nbsp;&nbsp;&nbsp;HAL_DMA_IRQHandler
[...]
<LI><a href="#[276]">&gt;&gt;</a>&nbsp;&nbsp;&nbsp;calculateXorChecksum
<LI><a href="#[273]">&gt;&gt;</a>&nbsp;&nbsp;&nbsp;SendWirelessMessageToAddress
<LI><a href="#[271]">&gt;&gt;</a>&nbsp;&nbsp;&nbsp;SendWirelessMessageBroadcast
<LI><a href="#[275]">&gt;&gt;</a>&nbsp;&nbsp;&nbsp;__aeabi_memcpy
</UL>
<BR>[Called By]<UL><LI><a href="#[103]">&gt;&gt;</a>&nbsp;&nbsp;&nbsp;getWirMessages
<LI><a href="#[315]">&gt;&gt;</a>&nbsp;&nbsp;&nbsp;Wireless_Send
<LI><a href="#[3a5]">&gt;&gt;</a>&nbsp;&nbsp;&nbsp;parseMessage
</UL>

<P><STRONG><a name="[31f]"></a>calculateSignalPercentage</STRONG> (Thumb, 40 bytes, Stack size 8 bytes, wireless.o(i.calculateSignalPercentage))
<BR><BR>[Stack]<UL><LI>Max Depth = 8<LI>Call Chain = calculateSignalPercentage
</UL>
<BR>[Calls]<UL><LI><a href="#[1f7]">&gt;&gt;</a>&nbsp;&nbsp;&nbsp;get_device_datas
</UL>
<BR>[Called By]<UL><LI><a href="#[348]">&gt;&gt;</a>&nbsp;&nbsp;&nbsp;decodeDataMessage
</UL>

<P><STRONG><a name="[320]"></a>calculateSintValue</STRONG> (Thumb, 32 bytes, Stack size 16 bytes, wireless.o(i.calculateSintValue))
<BR><BR>[Stack]<UL><LI>Max Depth = 232<LI>Call Chain = calculateSintValue &rArr; __0sscanf &rArr; __vfscanf_char &rArr; __vfscanf &rArr; _scanf_int
</UL>
<BR>[Calls]<UL><LI><a href="#[a9]">&gt;&gt;</a>&nbsp;&nbsp;&nbsp;__0sscanf
</UL>
<BR>[Called By]<UL><LI><a href="#[348]">&gt;&gt;</a>&nbsp;&nbsp;&nbsp;decodeDataMessage
</UL>

<P><STRONG><a name="[321]"></a>calculateULongLongIntValue</STRONG> (Thumb, 32 bytes, Stack size 16 bytes, wireless.o(i.calculateULongLongIntValue))
<BR><BR>[Stack]<UL><LI>Max Depth = 232<LI>Call Chain = calculateULongLongIntValue &rArr; __0sscanf &rArr; __vfscanf_char &rArr; __vfscanf &rArr; _scanf_int
</UL>
<BR>[Calls]<UL><LI><a href="#[a9]">&gt;&gt;</a>&nbsp;&nbsp;&nbsp;__0sscanf
</UL>
<BR>[Called By]<UL><LI><a href="#[349]">&gt;&gt;</a>&nbsp;&nbsp;&nbsp;decodeDeviceAddress
</UL>

<P><STRONG><a name="[322]"></a>calculateUintValue</STRONG> (Thumb, 32 bytes, Stack size 16 bytes, wireless.o(i.calculateUintValue))
<BR><BR>[Stack]<UL><LI>Max Depth = 232<LI>Call Chain = calculateUintValue &rArr; __0sscanf &rArr; __vfscanf_char &rArr; __vfscanf &rArr; _scanf_int
</UL>
<BR>[Calls]<UL><LI><a href="#[a9]">&gt;&gt;</a>&nbsp;&nbsp;&nbsp;__0sscanf
</UL>
<BR>[Called By]<UL><LI><a href="#[348]">&gt;&gt;</a>&nbsp;&nbsp;&nbsp;decodeDataMessage
</UL>

<P><STRONG><a name="[276]"></a>calculateXorChecksum</STRONG> (Thumb, 26 bytes, Stack size 8 bytes, wireless.o(i.calculateXorChecksum))
<BR><BR>[Stack]<UL><LI>Max Depth = 8<LI>Call Chain = calculateXorChecksum
</UL>
<BR>[Called By]<UL><LI><a href="#[348]">&gt;&gt;</a>&nbsp;&nbsp;&nbsp;decodeDataMessage
<LI><a href="#[274]">&gt;&gt;</a>&nbsp;&nbsp;&nbsp;Sending
</UL>

<P><STRONG><a name="[348]"></a>decodeDataMessage</STRONG> (Thumb, 2982 bytes, Stack size 80 bytes, wireless.o(i.decodeDataMessage))
<BR><BR>[Stack]<UL><LI>Max Depth = 336<LI>Call Chain = decodeDataMessage &rArr; decodeDeviceAddress &rArr; calculateULongLongIntValue &rArr; __0sscanf &rArr; __vfscanf_char &rArr; __vfscanf &rArr; _scanf_int
</UL>
<BR>[Calls]<UL><LI><a href="#[102]">&gt;&gt;</a>&nbsp;&nbsp;&nbsp;GetCurrentSystemTime
<LI><a href="#[1f7]">&gt;&gt;</a>&nbsp;&nbsp;&nbsp;get_device_datas
<LI><a href="#[34c]">&gt;&gt;</a>&nbsp;&nbsp;&nbsp;getDevFIFO
<LI><a href="#[34b]">&gt;&gt;</a>&nbsp;&nbsp;&nbsp;getCurrentSlaveInfo
<LI><a href="#[349]">&gt;&gt;</a>&nbsp;&nbsp;&nbsp;decodeDeviceAddress
<LI><a href="#[276]">&gt;&gt;</a>&nbsp;&nbsp;&nbsp;calculateXorChecksum
<LI><a href="#[322]">&gt;&gt;</a>&nbsp;&nbsp;&nbsp;calculateUintValue
<LI><a href="#[320]">&gt;&gt;</a>&nbsp;&nbsp;&nbsp;calculateSintValue
<LI><a href="#[31f]">&gt;&gt;</a>&nbsp;&nbsp;&nbsp;calculateSignalPercentage
<LI><a href="#[34d]">&gt;&gt;</a>&nbsp;&nbsp;&nbsp;strncmp
<LI><a href="#[100]">&gt;&gt;</a>&nbsp;&nbsp;&nbsp;strlen
<LI><a href="#[34a]">&gt;&gt;</a>&nbsp;&nbsp;&nbsp;strncpy
<LI><a href="#[10e]">&gt;&gt;</a>&nbsp;&nbsp;&nbsp;__aeabi_memclr4
</UL>
<BR>[Called By]<UL><LI><a href="#[3a5]">&gt;&gt;</a>&nbsp;&nbsp;&nbsp;parseMessage
</UL>

<P><STRONG><a name="[349]"></a>decodeDeviceAddress</STRONG> (Thumb, 44 bytes, Stack size 24 bytes, wireless.o(i.decodeDeviceAddress))
<BR><BR>[Stack]<UL><LI>Max Depth = 256<LI>Call Chain = decodeDeviceAddress &rArr; calculateULongLongIntValue &rArr; __0sscanf &rArr; __vfscanf_char &rArr; __vfscanf &rArr; _scanf_int
</UL>
<BR>[Calls]<UL><LI><a href="#[321]">&gt;&gt;</a>&nbsp;&nbsp;&nbsp;calculateULongLongIntValue
</UL>
<BR>[Called By]<UL><LI><a href="#[3c1]">&gt;&gt;</a>&nbsp;&nbsp;&nbsp;setCoordinatorEUI64Address
<LI><a href="#[348]">&gt;&gt;</a>&nbsp;&nbsp;&nbsp;decodeDataMessage
</UL>

<P><STRONG><a name="[3a5]"></a>parseMessage</STRONG> (Thumb, 852 bytes, Stack size 16 bytes, wireless.o(i.parseMessage))
<BR><BR>[Stack]<UL><LI>Max Depth = 352<LI>Call Chain = parseMessage &rArr; decodeDataMessage &rArr; decodeDeviceAddress &rArr; calculateULongLongIntValue &rArr; __0sscanf &rArr; __vfscanf_char &rArr; __vfscanf &rArr; _scanf_int
</UL>
<BR>[Calls]<UL><LI><a href="#[102]">&gt;&gt;</a>&nbsp;&nbsp;&nbsp;GetCurrentSystemTime
<LI><a href="#[3c0]">&gt;&gt;</a>&nbsp;&nbsp;&nbsp;get_ABox
<LI><a href="#[3c1]">&gt;&gt;</a>&nbsp;&nbsp;&nbsp;setCoordinatorEUI64Address
<LI><a href="#[101]">&gt;&gt;</a>&nbsp;&nbsp;&nbsp;sendStringMessageToWireless
<LI><a href="#[348]">&gt;&gt;</a>&nbsp;&nbsp;&nbsp;decodeDataMessage
<LI><a href="#[274]">&gt;&gt;</a>&nbsp;&nbsp;&nbsp;Sending
<LI><a href="#[3be]">&gt;&gt;</a>&nbsp;&nbsp;&nbsp;strcmp
</UL>
<BR>[Called By]<UL><LI><a href="#[103]">&gt;&gt;</a>&nbsp;&nbsp;&nbsp;getWirMessages
</UL>

<P><STRONG><a name="[3a4]"></a>processMsg</STRONG> (Thumb, 124 bytes, Stack size 32 bytes, wireless.o(i.processMsg))
<BR><BR>[Stack]<UL><LI>Max Depth = 48<LI>Call Chain = processMsg &rArr; strtok
</UL>
<BR>[Calls]<UL><LI><a href="#[3c4]">&gt;&gt;</a>&nbsp;&nbsp;&nbsp;strtok
<LI><a href="#[100]">&gt;&gt;</a>&nbsp;&nbsp;&nbsp;strlen
<LI><a href="#[10e]">&gt;&gt;</a>&nbsp;&nbsp;&nbsp;__aeabi_memclr4
<LI><a href="#[275]">&gt;&gt;</a>&nbsp;&nbsp;&nbsp;__aeabi_memcpy
</UL>
<BR>[Called By]<UL><LI><a href="#[103]">&gt;&gt;</a>&nbsp;&nbsp;&nbsp;getWirMessages
</UL>

<P><STRONG><a name="[272]"></a>sendMessageToWireless</STRONG> (Thumb, 362 bytes, Stack size 168 bytes, wireless.o(i.sendMessageToWireless))
<BR><BR>[Stack]<UL><LI>Max Depth = 192<LI>Call Chain = sendMessageToWireless &rArr; sendStringMessageToWireless &rArr; HAL_UART_Transmit_IT
</UL>
<BR>[Calls]<UL><LI><a href="#[101]">&gt;&gt;</a>&nbsp;&nbsp;&nbsp;sendStringMessageToWireless
<LI><a href="#[212]">&gt;&gt;</a>&nbsp;&nbsp;&nbsp;__2sprintf
<LI><a href="#[100]">&gt;&gt;</a>&nbsp;&nbsp;&nbsp;strlen
<LI><a href="#[303]">&gt;&gt;</a>&nbsp;&nbsp;&nbsp;strcat
<LI><a href="#[10e]">&gt;&gt;</a>&nbsp;&nbsp;&nbsp;__aeabi_memclr4
<LI><a href="#[a6]">&gt;&gt;</a>&nbsp;&nbsp;&nbsp;__aeabi_memclr
<LI><a href="#[275]">&gt;&gt;</a>&nbsp;&nbsp;&nbsp;__aeabi_memcpy
</UL>
<BR>[Called By]<UL><LI><a href="#[273]">&gt;&gt;</a>&nbsp;&nbsp;&nbsp;SendWirelessMessageToAddress
<LI><a href="#[271]">&gt;&gt;</a>&nbsp;&nbsp;&nbsp;SendWirelessMessageBroadcast
</UL>

<P><STRONG><a name="[101]"></a>sendStringMessageToWireless</STRONG> (Thumb, 70 bytes, Stack size 16 bytes, wireless.o(i.sendStringMessageToWireless))
<BR><BR>[Stack]<UL><LI>Max Depth = 24<LI>Call Chain = sendStringMessageToWireless &rArr; HAL_UART_Transmit_IT
</UL>
<BR>[Calls]<UL><LI><a href="#[2f1]">&gt;&gt;</a>&nbsp;&nbsp;&nbsp;HAL_UART_Transmit_IT
<LI><a href="#[102]">&gt;&gt;</a>&nbsp;&nbsp;&nbsp;GetCurrentSystemTime
<LI><a href="#[3d8]">&gt;&gt;</a>&nbsp;&nbsp;&nbsp;strcpy
<LI><a href="#[100]">&gt;&gt;</a>&nbsp;&nbsp;&nbsp;strlen
<LI><a href="#[303]">&gt;&gt;</a>&nbsp;&nbsp;&nbsp;strcat
<LI><a href="#[10e]">&gt;&gt;</a>&nbsp;&nbsp;&nbsp;__aeabi_memclr4
</UL>
<BR>[Called By]<UL><LI><a href="#[1f8]">&gt;&gt;</a>&nbsp;&nbsp;&nbsp;startWirelessAB
<LI><a href="#[ff]">&gt;&gt;</a>&nbsp;&nbsp;&nbsp;hard_reset_wireless
<LI><a href="#[105]">&gt;&gt;</a>&nbsp;&nbsp;&nbsp;config_basic_wir
<LI><a href="#[104]">&gt;&gt;</a>&nbsp;&nbsp;&nbsp;config_PAN_EPAN
<LI><a href="#[fe]">&gt;&gt;</a>&nbsp;&nbsp;&nbsp;Config_Wir
<LI><a href="#[272]">&gt;&gt;</a>&nbsp;&nbsp;&nbsp;sendMessageToWireless
<LI><a href="#[3a5]">&gt;&gt;</a>&nbsp;&nbsp;&nbsp;parseMessage
</UL>

<P><STRONG><a name="[3c1]"></a>setCoordinatorEUI64Address</STRONG> (Thumb, 38 bytes, Stack size 24 bytes, wireless.o(i.setCoordinatorEUI64Address))
<BR><BR>[Stack]<UL><LI>Max Depth = 280<LI>Call Chain = setCoordinatorEUI64Address &rArr; decodeDeviceAddress &rArr; calculateULongLongIntValue &rArr; __0sscanf &rArr; __vfscanf_char &rArr; __vfscanf &rArr; _scanf_int
</UL>
<BR>[Calls]<UL><LI><a href="#[349]">&gt;&gt;</a>&nbsp;&nbsp;&nbsp;decodeDeviceAddress
</UL>
<BR>[Called By]<UL><LI><a href="#[3a5]">&gt;&gt;</a>&nbsp;&nbsp;&nbsp;parseMessage
</UL>

<P><STRONG><a name="[fc]"></a>ClearDisplay</STRONG> (Thumb, 42 bytes, Stack size 8 bytes, display.o(i.ClearDisplay))
<BR><BR>[Stack]<UL><LI>Max Depth = 60<LI>Call Chain = ClearDisplay &rArr; sendToDisplay &rArr; SPI_Send &rArr; HAL_SPI_Transmit_IT
</UL>
<BR>[Calls]<UL><LI><a href="#[fd]">&gt;&gt;</a>&nbsp;&nbsp;&nbsp;sendToDisplay
<LI><a href="#[a6]">&gt;&gt;</a>&nbsp;&nbsp;&nbsp;__aeabi_memclr
</UL>
<BR>[Called By]<UL><LI><a href="#[205]">&gt;&gt;</a>&nbsp;&nbsp;&nbsp;LCD_Initial
</UL>

<P><STRONG><a name="[111]"></a>Display_Text</STRONG> (Thumb, 146 bytes, Stack size 8 bytes, display.o(i.Display_Text))
<BR><BR>[Stack]<UL><LI>Max Depth = 128<LI>Call Chain = Display_Text &rArr; Update_States &rArr; __aeabi_uldivmod
</UL>
<BR>[Calls]<UL><LI><a href="#[114]">&gt;&gt;</a>&nbsp;&nbsp;&nbsp;Update_Copyto_SD
<LI><a href="#[112]">&gt;&gt;</a>&nbsp;&nbsp;&nbsp;Wireless_Choose
<LI><a href="#[116]">&gt;&gt;</a>&nbsp;&nbsp;&nbsp;Updates_Player_StatTime
<LI><a href="#[117]">&gt;&gt;</a>&nbsp;&nbsp;&nbsp;Updates_Player_Stat2
<LI><a href="#[115]">&gt;&gt;</a>&nbsp;&nbsp;&nbsp;Update_States
<LI><a href="#[113]">&gt;&gt;</a>&nbsp;&nbsp;&nbsp;Wireless_RST_Wait
<LI><a href="#[a6]">&gt;&gt;</a>&nbsp;&nbsp;&nbsp;__aeabi_memclr
</UL>
<BR>[Called By]<UL><LI><a href="#[118]">&gt;&gt;</a>&nbsp;&nbsp;&nbsp;DoDisplayTasks
</UL>

<P><STRONG><a name="[114]"></a>Update_Copyto_SD</STRONG> (Thumb, 534 bytes, Stack size 24 bytes, display.o(i.Update_Copyto_SD))
<BR><BR>[Stack]<UL><LI>Max Depth = 60<LI>Call Chain = Update_Copyto_SD &rArr; write_2lines_mid &rArr; writeTextToFrameBuffer
</UL>
<BR>[Calls]<UL><LI><a href="#[215]">&gt;&gt;</a>&nbsp;&nbsp;&nbsp;write_2lines_mid
<LI><a href="#[213]">&gt;&gt;</a>&nbsp;&nbsp;&nbsp;writeTextToFrameBuffer
<LI><a href="#[2fd]">&gt;&gt;</a>&nbsp;&nbsp;&nbsp;get_center
<LI><a href="#[212]">&gt;&gt;</a>&nbsp;&nbsp;&nbsp;__2sprintf
<LI><a href="#[100]">&gt;&gt;</a>&nbsp;&nbsp;&nbsp;strlen
<LI><a href="#[a6]">&gt;&gt;</a>&nbsp;&nbsp;&nbsp;__aeabi_memclr
</UL>
<BR>[Called By]<UL><LI><a href="#[111]">&gt;&gt;</a>&nbsp;&nbsp;&nbsp;Display_Text
</UL>

<P><STRONG><a name="[11a]"></a>Update_Icons</STRONG> (Thumb, 38 bytes, Stack size 8 bytes, display.o(i.Update_Icons))
<BR><BR>[Stack]<UL><LI>Max Depth = 64<LI>Call Chain = Update_Icons &rArr; update_Wireless_Icon &rArr; writeImageToFrameBuffer
</UL>
<BR>[Calls]<UL><LI><a href="#[2fe]">&gt;&gt;</a>&nbsp;&nbsp;&nbsp;update_Wireless_Icon
<LI><a href="#[300]">&gt;&gt;</a>&nbsp;&nbsp;&nbsp;update_Bat1_Icon
<LI><a href="#[301]">&gt;&gt;</a>&nbsp;&nbsp;&nbsp;update_AB_Icon
<LI><a href="#[2ff]">&gt;&gt;</a>&nbsp;&nbsp;&nbsp;update_2Wire_Icon
<LI><a href="#[a6]">&gt;&gt;</a>&nbsp;&nbsp;&nbsp;__aeabi_memclr
</UL>
<BR>[Called By]<UL><LI><a href="#[118]">&gt;&gt;</a>&nbsp;&nbsp;&nbsp;DoDisplayTasks
</UL>

<P><STRONG><a name="[fd]"></a>sendToDisplay</STRONG> (Thumb, 82 bytes, Stack size 24 bytes, display.o(i.sendToDisplay))
<BR><BR>[Stack]<UL><LI>Max Depth = 52<LI>Call Chain = sendToDisplay &rArr; SPI_Send &rArr; HAL_SPI_Transmit_IT
</UL>
<BR>[Calls]<UL><LI><a href="#[220]">&gt;&gt;</a>&nbsp;&nbsp;&nbsp;SPI_Send
</UL>
<BR>[Called By]<UL><LI><a href="#[205]">&gt;&gt;</a>&nbsp;&nbsp;&nbsp;LCD_Initial
<LI><a href="#[fc]">&gt;&gt;</a>&nbsp;&nbsp;&nbsp;ClearDisplay
<LI><a href="#[3f6]">&gt;&gt;</a>&nbsp;&nbsp;&nbsp;settings_Main
<LI><a href="#[3f3]">&gt;&gt;</a>&nbsp;&nbsp;&nbsp;set_display_Wireless_choose
<LI><a href="#[3ef]">&gt;&gt;</a>&nbsp;&nbsp;&nbsp;set_display_Wireless_LF_Set
<LI><a href="#[3ee]">&gt;&gt;</a>&nbsp;&nbsp;&nbsp;set_display_Time_choose
<LI><a href="#[3ec]">&gt;&gt;</a>&nbsp;&nbsp;&nbsp;set_display_TimeZone_choose
<LI><a href="#[3eb]">&gt;&gt;</a>&nbsp;&nbsp;&nbsp;set_display_TimeStart_choose
<LI><a href="#[3e9]">&gt;&gt;</a>&nbsp;&nbsp;&nbsp;set_display_TimeReal_choose
<LI><a href="#[3e8]">&gt;&gt;</a>&nbsp;&nbsp;&nbsp;set_display_TimeCode_choose
<LI><a href="#[3e7]">&gt;&gt;</a>&nbsp;&nbsp;&nbsp;set_display_Save_Exit_choose
<LI><a href="#[3e6]">&gt;&gt;</a>&nbsp;&nbsp;&nbsp;set_display_Default_choose
<LI><a href="#[3e3]">&gt;&gt;</a>&nbsp;&nbsp;&nbsp;set_display_AB_ID_choose
<LI><a href="#[119]">&gt;&gt;</a>&nbsp;&nbsp;&nbsp;display_refresh
<LI><a href="#[316]">&gt;&gt;</a>&nbsp;&nbsp;&nbsp;Wireless_reset_disp
<LI><a href="#[112]">&gt;&gt;</a>&nbsp;&nbsp;&nbsp;Wireless_Choose
<LI><a href="#[113]">&gt;&gt;</a>&nbsp;&nbsp;&nbsp;Wireless_RST_Wait
</UL>

<P><STRONG><a name="[214]"></a>writeImageToFrameBuffer</STRONG> (Thumb, 144 bytes, Stack size 32 bytes, display.o(i.writeImageToFrameBuffer))
<BR><BR>[Stack]<UL><LI>Max Depth = 32<LI>Call Chain = writeImageToFrameBuffer
</UL>
<BR>[Called By]<UL><LI><a href="#[205]">&gt;&gt;</a>&nbsp;&nbsp;&nbsp;LCD_Initial
<LI><a href="#[2fe]">&gt;&gt;</a>&nbsp;&nbsp;&nbsp;update_Wireless_Icon
<LI><a href="#[300]">&gt;&gt;</a>&nbsp;&nbsp;&nbsp;update_Bat1_Icon
</UL>

<P><STRONG><a name="[26b]"></a>autodetect_TC_fps</STRONG> (Thumb, 390 bytes, Stack size 32 bytes, timecode.o(i.autodetect_TC_fps))
<BR><BR>[Stack]<UL><LI>Max Depth = 120<LI>Call Chain = autodetect_TC_fps &rArr; __aeabi_dmul &rArr; _double_epilogue &rArr; _double_round
</UL>
<BR>[Calls]<UL><LI><a href="#[b7]">&gt;&gt;</a>&nbsp;&nbsp;&nbsp;__aeabi_ui2d
<LI><a href="#[b4]">&gt;&gt;</a>&nbsp;&nbsp;&nbsp;__aeabi_dmul
<LI><a href="#[31b]">&gt;&gt;</a>&nbsp;&nbsp;&nbsp;__aeabi_cdrcmple
</UL>
<BR>[Called By]<UL><LI><a href="#[269]">&gt;&gt;</a>&nbsp;&nbsp;&nbsp;SMPTE_IRQHandler
</UL>

<P><STRONG><a name="[26c]"></a>decode_TC</STRONG> (Thumb, 310 bytes, Stack size 8 bytes, timecode.o(i.decode_TC))
<BR><BR>[Stack]<UL><LI>Max Depth = 16<LI>Call Chain = decode_TC &rArr; update_smpte_timer
</UL>
<BR>[Calls]<UL><LI><a href="#[34e]">&gt;&gt;</a>&nbsp;&nbsp;&nbsp;update_smpte_timer
</UL>
<BR>[Called By]<UL><LI><a href="#[269]">&gt;&gt;</a>&nbsp;&nbsp;&nbsp;SMPTE_IRQHandler
</UL>

<P><STRONG><a name="[34e]"></a>update_smpte_timer</STRONG> (Thumb, 466 bytes, Stack size 8 bytes, timecode.o(i.update_smpte_timer))
<BR><BR>[Stack]<UL><LI>Max Depth = 8<LI>Call Chain = update_smpte_timer
</UL>
<BR>[Calls]<UL><LI><a href="#[f6]">&gt;&gt;</a>&nbsp;&nbsp;&nbsp;SEQ_AddEvent
<LI><a href="#[3cf]">&gt;&gt;</a>&nbsp;&nbsp;&nbsp;setDevicetime
<LI><a href="#[40f]">&gt;&gt;</a>&nbsp;&nbsp;&nbsp;get_time_Code_ofset
</UL>
<BR>[Called By]<UL><LI><a href="#[26c]">&gt;&gt;</a>&nbsp;&nbsp;&nbsp;decode_TC
</UL>

<P><STRONG><a name="[36a]"></a>FLASH_If_GetSectorNumber</STRONG> (Thumb, 178 bytes, Stack size 0 bytes, flash_if.o(i.FLASH_If_GetSectorNumber))
<BR><BR>[Called By]<UL><LI><a href="#[369]">&gt;&gt;</a>&nbsp;&nbsp;&nbsp;erase_flash_script
</UL>

<P><STRONG><a name="[3c8]"></a>convertCharToHex</STRONG> (Thumb, 56 bytes, Stack size 0 bytes, globalpositioning.o(i.convertCharToHex))
<BR><BR>[Called By]<UL><LI><a href="#[3a8]">&gt;&gt;</a>&nbsp;&nbsp;&nbsp;readDataFromUart
</UL>

<P><STRONG><a name="[3a9]"></a>parseData</STRONG> (Thumb, 728 bytes, Stack size 24 bytes, globalpositioning.o(i.parseData))
<BR><BR>[Stack]<UL><LI>Max Depth = 56<LI>Call Chain = parseData &rArr; tokenize
</UL>
<BR>[Calls]<UL><LI><a href="#[102]">&gt;&gt;</a>&nbsp;&nbsp;&nbsp;GetCurrentSystemTime
<LI><a href="#[3bf]">&gt;&gt;</a>&nbsp;&nbsp;&nbsp;get_gps_pps_timer
<LI><a href="#[3bd]">&gt;&gt;</a>&nbsp;&nbsp;&nbsp;tokenize
<LI><a href="#[3be]">&gt;&gt;</a>&nbsp;&nbsp;&nbsp;strcmp
<LI><a href="#[a6]">&gt;&gt;</a>&nbsp;&nbsp;&nbsp;__aeabi_memclr
</UL>
<BR>[Called By]<UL><LI><a href="#[128]">&gt;&gt;</a>&nbsp;&nbsp;&nbsp;gps_task
</UL>

<P><STRONG><a name="[3a8]"></a>readDataFromUart</STRONG> (Thumb, 154 bytes, Stack size 24 bytes, globalpositioning.o(i.readDataFromUart))
<BR><BR>[Stack]<UL><LI>Max Depth = 76<LI>Call Chain = readDataFromUart &rArr; UartGPSReceive &rArr; getIncomingMessageSizeGPS
</UL>
<BR>[Calls]<UL><LI><a href="#[2f8]">&gt;&gt;</a>&nbsp;&nbsp;&nbsp;UartGPSReceive
<LI><a href="#[3c8]">&gt;&gt;</a>&nbsp;&nbsp;&nbsp;convertCharToHex
<LI><a href="#[3c7]">&gt;&gt;</a>&nbsp;&nbsp;&nbsp;strchr
</UL>
<BR>[Called By]<UL><LI><a href="#[128]">&gt;&gt;</a>&nbsp;&nbsp;&nbsp;gps_task
</UL>

<P><STRONG><a name="[3bd]"></a>tokenize</STRONG> (Thumb, 114 bytes, Stack size 32 bytes, globalpositioning.o(i.tokenize))
<BR><BR>[Stack]<UL><LI>Max Depth = 32<LI>Call Chain = tokenize
</UL>
<BR>[Calls]<UL><LI><a href="#[100]">&gt;&gt;</a>&nbsp;&nbsp;&nbsp;strlen
<LI><a href="#[3c7]">&gt;&gt;</a>&nbsp;&nbsp;&nbsp;strchr
<LI><a href="#[275]">&gt;&gt;</a>&nbsp;&nbsp;&nbsp;__aeabi_memcpy
</UL>
<BR>[Called By]<UL><LI><a href="#[3a9]">&gt;&gt;</a>&nbsp;&nbsp;&nbsp;parseData
</UL>

<P><STRONG><a name="[385]"></a>stderr_putchar</STRONG> (Thumb, 12 bytes, Stack size 4 bytes, retarget_io.o(i.stderr_putchar))
<BR><BR>[Stack]<UL><LI>Max Depth = 4<LI>Call Chain = stderr_putchar
</UL>
<BR>[Calls]<UL><LI><a href="#[3fb]">&gt;&gt;</a>&nbsp;&nbsp;&nbsp;ITM_SendChar
</UL>
<BR>[Called By]<UL><LI><a href="#[79]">&gt;&gt;</a>&nbsp;&nbsp;&nbsp;fputc
</UL>

<P><STRONG><a name="[31a]"></a>_fp_digits</STRONG> (Thumb, 366 bytes, Stack size 64 bytes, printfa.o(i._fp_digits), UNUSED)
<BR><BR>[Calls]<UL><LI><a href="#[ae]">&gt;&gt;</a>&nbsp;&nbsp;&nbsp;__aeabi_dadd
<LI><a href="#[b4]">&gt;&gt;</a>&nbsp;&nbsp;&nbsp;__aeabi_dmul
<LI><a href="#[31b]">&gt;&gt;</a>&nbsp;&nbsp;&nbsp;__aeabi_cdrcmple
<LI><a href="#[ba]">&gt;&gt;</a>&nbsp;&nbsp;&nbsp;__aeabi_d2ulz
<LI><a href="#[a3]">&gt;&gt;</a>&nbsp;&nbsp;&nbsp;__aeabi_uldivmod
<LI><a href="#[b9]">&gt;&gt;</a>&nbsp;&nbsp;&nbsp;__aeabi_ddiv
</UL>
<BR>[Called By]<UL><LI><a href="#[318]">&gt;&gt;</a>&nbsp;&nbsp;&nbsp;_printf_core
</UL>

<P><STRONG><a name="[318]"></a>_printf_core</STRONG> (Thumb, 1704 bytes, Stack size 136 bytes, printfa.o(i._printf_core), UNUSED)
<BR><BR>[Calls]<UL><LI><a href="#[31e]">&gt;&gt;</a>&nbsp;&nbsp;&nbsp;__aeabi_uidivmod
<LI><a href="#[31c]">&gt;&gt;</a>&nbsp;&nbsp;&nbsp;_printf_pre_padding
<LI><a href="#[31d]">&gt;&gt;</a>&nbsp;&nbsp;&nbsp;_printf_post_padding
<LI><a href="#[31a]">&gt;&gt;</a>&nbsp;&nbsp;&nbsp;_fp_digits
<LI><a href="#[a3]">&gt;&gt;</a>&nbsp;&nbsp;&nbsp;__aeabi_uldivmod
</UL>
<BR>[Called By]<UL><LI><a href="#[319]">&gt;&gt;</a>&nbsp;&nbsp;&nbsp;__0sprintf
<LI><a href="#[317]">&gt;&gt;</a>&nbsp;&nbsp;&nbsp;__0printf
</UL>

<P><STRONG><a name="[31d]"></a>_printf_post_padding</STRONG> (Thumb, 36 bytes, Stack size 24 bytes, printfa.o(i._printf_post_padding), UNUSED)
<BR><BR>[Called By]<UL><LI><a href="#[318]">&gt;&gt;</a>&nbsp;&nbsp;&nbsp;_printf_core
</UL>

<P><STRONG><a name="[31c]"></a>_printf_pre_padding</STRONG> (Thumb, 46 bytes, Stack size 24 bytes, printfa.o(i._printf_pre_padding), UNUSED)
<BR><BR>[Called By]<UL><LI><a href="#[318]">&gt;&gt;</a>&nbsp;&nbsp;&nbsp;_printf_core
</UL>

<P><STRONG><a name="[7a]"></a>_sputc</STRONG> (Thumb, 10 bytes, Stack size 0 bytes, printfa.o(i._sputc))
<BR><BR>[Called By]<UL><LI><a href="#[319]">&gt;&gt;</a>&nbsp;&nbsp;&nbsp;__0sprintf
</UL>
<BR>[Address Reference Count : 1]<UL><LI> printfa.o(i.__0sprintf)
</UL>
<P><STRONG><a name="[67]"></a>_scanf_char_input</STRONG> (Thumb, 12 bytes, Stack size 0 bytes, scanf_char.o(.text))
<BR>[Address Reference Count : 1]<UL><LI> scanf_char.o(.text)
</UL><P>
<H3>
Undefined Global Symbols
</H3><HR></body></html>
